Archive member included to satisfy reference by file (symbol)

/home/bhavya/Downloads/1/plugins/fr.ac6.mcu.externaltools.arm-none.linux64_1.17.0.201812190825/tools/compiler/bin/../lib/gcc/arm-none-eabi/7.3.1/../../../../arm-none-eabi/lib/thumb/v7e-m/fpv4-sp/hard/libc.a(lib_a-errno.o)
                              startup/syscalls.o (__errno)
/home/bhavya/Downloads/1/plugins/fr.ac6.mcu.externaltools.arm-none.linux64_1.17.0.201812190825/tools/compiler/bin/../lib/gcc/arm-none-eabi/7.3.1/../../../../arm-none-eabi/lib/thumb/v7e-m/fpv4-sp/hard/libc.a(lib_a-exit.o)
                              /home/bhavya/Downloads/1/plugins/fr.ac6.mcu.externaltools.arm-none.linux64_1.17.0.201812190825/tools/compiler/bin/../lib/gcc/arm-none-eabi/7.3.1/../../../../arm-none-eabi/lib/thumb/v7e-m/fpv4-sp/hard/crt0.o (exit)
/home/bhavya/Downloads/1/plugins/fr.ac6.mcu.externaltools.arm-none.linux64_1.17.0.201812190825/tools/compiler/bin/../lib/gcc/arm-none-eabi/7.3.1/../../../../arm-none-eabi/lib/thumb/v7e-m/fpv4-sp/hard/libc.a(lib_a-impure.o)
                              /home/bhavya/Downloads/1/plugins/fr.ac6.mcu.externaltools.arm-none.linux64_1.17.0.201812190825/tools/compiler/bin/../lib/gcc/arm-none-eabi/7.3.1/../../../../arm-none-eabi/lib/thumb/v7e-m/fpv4-sp/hard/libc.a(lib_a-exit.o) (_global_impure_ptr)
/home/bhavya/Downloads/1/plugins/fr.ac6.mcu.externaltools.arm-none.linux64_1.17.0.201812190825/tools/compiler/bin/../lib/gcc/arm-none-eabi/7.3.1/../../../../arm-none-eabi/lib/thumb/v7e-m/fpv4-sp/hard/libc.a(lib_a-init.o)
                              /home/bhavya/Downloads/1/plugins/fr.ac6.mcu.externaltools.arm-none.linux64_1.17.0.201812190825/tools/compiler/bin/../lib/gcc/arm-none-eabi/7.3.1/../../../../arm-none-eabi/lib/thumb/v7e-m/fpv4-sp/hard/crt0.o (__libc_init_array)
/home/bhavya/Downloads/1/plugins/fr.ac6.mcu.externaltools.arm-none.linux64_1.17.0.201812190825/tools/compiler/bin/../lib/gcc/arm-none-eabi/7.3.1/../../../../arm-none-eabi/lib/thumb/v7e-m/fpv4-sp/hard/libc.a(lib_a-memset.o)
                              /home/bhavya/Downloads/1/plugins/fr.ac6.mcu.externaltools.arm-none.linux64_1.17.0.201812190825/tools/compiler/bin/../lib/gcc/arm-none-eabi/7.3.1/../../../../arm-none-eabi/lib/thumb/v7e-m/fpv4-sp/hard/crt0.o (memset)
/home/bhavya/Downloads/1/plugins/fr.ac6.mcu.externaltools.arm-none.linux64_1.17.0.201812190825/tools/compiler/bin/../lib/gcc/arm-none-eabi/7.3.1/../../../../arm-none-eabi/lib/thumb/v7e-m/fpv4-sp/hard/libc.a(lib_a-strlen.o)
                              src/006i2c_master_tx_testing.o (strlen)
/home/bhavya/Downloads/1/plugins/fr.ac6.mcu.externaltools.arm-none.linux64_1.17.0.201812190825/tools/compiler/bin/../lib/gcc/arm-none-eabi/7.3.1/../../../../arm-none-eabi/lib/thumb/v7e-m/fpv4-sp/hard/libc.a(lib_a-__call_atexit.o)
                              /home/bhavya/Downloads/1/plugins/fr.ac6.mcu.externaltools.arm-none.linux64_1.17.0.201812190825/tools/compiler/bin/../lib/gcc/arm-none-eabi/7.3.1/../../../../arm-none-eabi/lib/thumb/v7e-m/fpv4-sp/hard/libc.a(lib_a-exit.o) (__call_exitprocs)
/home/bhavya/Downloads/1/plugins/fr.ac6.mcu.externaltools.arm-none.linux64_1.17.0.201812190825/tools/compiler/bin/../lib/gcc/arm-none-eabi/7.3.1/../../../../arm-none-eabi/lib/thumb/v7e-m/fpv4-sp/hard/libc.a(lib_a-atexit.o)
                              /home/bhavya/Downloads/1/plugins/fr.ac6.mcu.externaltools.arm-none.linux64_1.17.0.201812190825/tools/compiler/bin/../lib/gcc/arm-none-eabi/7.3.1/../../../../arm-none-eabi/lib/thumb/v7e-m/fpv4-sp/hard/libc.a(lib_a-__call_atexit.o) (atexit)
/home/bhavya/Downloads/1/plugins/fr.ac6.mcu.externaltools.arm-none.linux64_1.17.0.201812190825/tools/compiler/bin/../lib/gcc/arm-none-eabi/7.3.1/../../../../arm-none-eabi/lib/thumb/v7e-m/fpv4-sp/hard/libc.a(lib_a-fini.o)
                              /home/bhavya/Downloads/1/plugins/fr.ac6.mcu.externaltools.arm-none.linux64_1.17.0.201812190825/tools/compiler/bin/../lib/gcc/arm-none-eabi/7.3.1/../../../../arm-none-eabi/lib/thumb/v7e-m/fpv4-sp/hard/libc.a(lib_a-__call_atexit.o) (__libc_fini_array)
/home/bhavya/Downloads/1/plugins/fr.ac6.mcu.externaltools.arm-none.linux64_1.17.0.201812190825/tools/compiler/bin/../lib/gcc/arm-none-eabi/7.3.1/../../../../arm-none-eabi/lib/thumb/v7e-m/fpv4-sp/hard/libc.a(lib_a-lock.o)
                              /home/bhavya/Downloads/1/plugins/fr.ac6.mcu.externaltools.arm-none.linux64_1.17.0.201812190825/tools/compiler/bin/../lib/gcc/arm-none-eabi/7.3.1/../../../../arm-none-eabi/lib/thumb/v7e-m/fpv4-sp/hard/libc.a(lib_a-__call_atexit.o) (__retarget_lock_acquire_recursive)
/home/bhavya/Downloads/1/plugins/fr.ac6.mcu.externaltools.arm-none.linux64_1.17.0.201812190825/tools/compiler/bin/../lib/gcc/arm-none-eabi/7.3.1/../../../../arm-none-eabi/lib/thumb/v7e-m/fpv4-sp/hard/libc.a(lib_a-__atexit.o)
                              /home/bhavya/Downloads/1/plugins/fr.ac6.mcu.externaltools.arm-none.linux64_1.17.0.201812190825/tools/compiler/bin/../lib/gcc/arm-none-eabi/7.3.1/../../../../arm-none-eabi/lib/thumb/v7e-m/fpv4-sp/hard/libc.a(lib_a-atexit.o) (__register_exitproc)

Allocating common symbols
Common symbol       size              file

__lock___atexit_recursive_mutex
                    0x1               /home/bhavya/Downloads/1/plugins/fr.ac6.mcu.externaltools.arm-none.linux64_1.17.0.201812190825/tools/compiler/bin/../lib/gcc/arm-none-eabi/7.3.1/../../../../arm-none-eabi/lib/thumb/v7e-m/fpv4-sp/hard/libc.a(lib_a-lock.o)
__lock___arc4random_mutex
                    0x1               /home/bhavya/Downloads/1/plugins/fr.ac6.mcu.externaltools.arm-none.linux64_1.17.0.201812190825/tools/compiler/bin/../lib/gcc/arm-none-eabi/7.3.1/../../../../arm-none-eabi/lib/thumb/v7e-m/fpv4-sp/hard/libc.a(lib_a-lock.o)
I2C1Handle          0x1c              src/006i2c_master_tx_testing.o
__lock___env_recursive_mutex
                    0x1               /home/bhavya/Downloads/1/plugins/fr.ac6.mcu.externaltools.arm-none.linux64_1.17.0.201812190825/tools/compiler/bin/../lib/gcc/arm-none-eabi/7.3.1/../../../../arm-none-eabi/lib/thumb/v7e-m/fpv4-sp/hard/libc.a(lib_a-lock.o)
__lock___sinit_recursive_mutex
                    0x1               /home/bhavya/Downloads/1/plugins/fr.ac6.mcu.externaltools.arm-none.linux64_1.17.0.201812190825/tools/compiler/bin/../lib/gcc/arm-none-eabi/7.3.1/../../../../arm-none-eabi/lib/thumb/v7e-m/fpv4-sp/hard/libc.a(lib_a-lock.o)
__lock___malloc_recursive_mutex
                    0x1               /home/bhavya/Downloads/1/plugins/fr.ac6.mcu.externaltools.arm-none.linux64_1.17.0.201812190825/tools/compiler/bin/../lib/gcc/arm-none-eabi/7.3.1/../../../../arm-none-eabi/lib/thumb/v7e-m/fpv4-sp/hard/libc.a(lib_a-lock.o)
__lock___at_quick_exit_mutex
                    0x1               /home/bhavya/Downloads/1/plugins/fr.ac6.mcu.externaltools.arm-none.linux64_1.17.0.201812190825/tools/compiler/bin/../lib/gcc/arm-none-eabi/7.3.1/../../../../arm-none-eabi/lib/thumb/v7e-m/fpv4-sp/hard/libc.a(lib_a-lock.o)
__lock___dd_hash_mutex
                    0x1               /home/bhavya/Downloads/1/plugins/fr.ac6.mcu.externaltools.arm-none.linux64_1.17.0.201812190825/tools/compiler/bin/../lib/gcc/arm-none-eabi/7.3.1/../../../../arm-none-eabi/lib/thumb/v7e-m/fpv4-sp/hard/libc.a(lib_a-lock.o)
__lock___tz_mutex   0x1               /home/bhavya/Downloads/1/plugins/fr.ac6.mcu.externaltools.arm-none.linux64_1.17.0.201812190825/tools/compiler/bin/../lib/gcc/arm-none-eabi/7.3.1/../../../../arm-none-eabi/lib/thumb/v7e-m/fpv4-sp/hard/libc.a(lib_a-lock.o)
__lock___sfp_recursive_mutex
                    0x1               /home/bhavya/Downloads/1/plugins/fr.ac6.mcu.externaltools.arm-none.linux64_1.17.0.201812190825/tools/compiler/bin/../lib/gcc/arm-none-eabi/7.3.1/../../../../arm-none-eabi/lib/thumb/v7e-m/fpv4-sp/hard/libc.a(lib_a-lock.o)

Discarded input sections

 .text          0x0000000000000000        0x0 /home/bhavya/Downloads/1/plugins/fr.ac6.mcu.externaltools.arm-none.linux64_1.17.0.201812190825/tools/compiler/bin/../lib/gcc/arm-none-eabi/7.3.1/thumb/v7e-m/fpv4-sp/hard/crti.o
 .data          0x0000000000000000        0x0 /home/bhavya/Downloads/1/plugins/fr.ac6.mcu.externaltools.arm-none.linux64_1.17.0.201812190825/tools/compiler/bin/../lib/gcc/arm-none-eabi/7.3.1/thumb/v7e-m/fpv4-sp/hard/crti.o
 .bss           0x0000000000000000        0x0 /home/bhavya/Downloads/1/plugins/fr.ac6.mcu.externaltools.arm-none.linux64_1.17.0.201812190825/tools/compiler/bin/../lib/gcc/arm-none-eabi/7.3.1/thumb/v7e-m/fpv4-sp/hard/crti.o
 .data          0x0000000000000000        0x4 /home/bhavya/Downloads/1/plugins/fr.ac6.mcu.externaltools.arm-none.linux64_1.17.0.201812190825/tools/compiler/bin/../lib/gcc/arm-none-eabi/7.3.1/thumb/v7e-m/fpv4-sp/hard/crtbegin.o
 .text          0x0000000000000000       0x74 /home/bhavya/Downloads/1/plugins/fr.ac6.mcu.externaltools.arm-none.linux64_1.17.0.201812190825/tools/compiler/bin/../lib/gcc/arm-none-eabi/7.3.1/../../../../arm-none-eabi/lib/thumb/v7e-m/fpv4-sp/hard/crt0.o
 .data          0x0000000000000000        0x0 /home/bhavya/Downloads/1/plugins/fr.ac6.mcu.externaltools.arm-none.linux64_1.17.0.201812190825/tools/compiler/bin/../lib/gcc/arm-none-eabi/7.3.1/../../../../arm-none-eabi/lib/thumb/v7e-m/fpv4-sp/hard/crt0.o
 .bss           0x0000000000000000        0x0 /home/bhavya/Downloads/1/plugins/fr.ac6.mcu.externaltools.arm-none.linux64_1.17.0.201812190825/tools/compiler/bin/../lib/gcc/arm-none-eabi/7.3.1/../../../../arm-none-eabi/lib/thumb/v7e-m/fpv4-sp/hard/crt0.o
 .ARM.extab     0x0000000000000000        0x0 /home/bhavya/Downloads/1/plugins/fr.ac6.mcu.externaltools.arm-none.linux64_1.17.0.201812190825/tools/compiler/bin/../lib/gcc/arm-none-eabi/7.3.1/../../../../arm-none-eabi/lib/thumb/v7e-m/fpv4-sp/hard/crt0.o
 .ARM.exidx     0x0000000000000000        0x8 /home/bhavya/Downloads/1/plugins/fr.ac6.mcu.externaltools.arm-none.linux64_1.17.0.201812190825/tools/compiler/bin/../lib/gcc/arm-none-eabi/7.3.1/../../../../arm-none-eabi/lib/thumb/v7e-m/fpv4-sp/hard/crt0.o
 .ARM.attributes
                0x0000000000000000       0x20 /home/bhavya/Downloads/1/plugins/fr.ac6.mcu.externaltools.arm-none.linux64_1.17.0.201812190825/tools/compiler/bin/../lib/gcc/arm-none-eabi/7.3.1/../../../../arm-none-eabi/lib/thumb/v7e-m/fpv4-sp/hard/crt0.o
 .group         0x0000000000000000        0xc drivers/src/stm32f446xx_gpio_driver.o
 .group         0x0000000000000000        0xc drivers/src/stm32f446xx_gpio_driver.o
 .group         0x0000000000000000        0xc drivers/src/stm32f446xx_gpio_driver.o
 .group         0x0000000000000000        0xc drivers/src/stm32f446xx_gpio_driver.o
 .group         0x0000000000000000        0xc drivers/src/stm32f446xx_gpio_driver.o
 .group         0x0000000000000000        0xc drivers/src/stm32f446xx_gpio_driver.o
 .group         0x0000000000000000        0xc drivers/src/stm32f446xx_gpio_driver.o
 .group         0x0000000000000000        0xc drivers/src/stm32f446xx_gpio_driver.o
 .group         0x0000000000000000        0xc drivers/src/stm32f446xx_gpio_driver.o
 .group         0x0000000000000000        0xc drivers/src/stm32f446xx_gpio_driver.o
 .group         0x0000000000000000        0xc drivers/src/stm32f446xx_gpio_driver.o
 .group         0x0000000000000000        0xc drivers/src/stm32f446xx_gpio_driver.o
 .group         0x0000000000000000        0xc drivers/src/stm32f446xx_gpio_driver.o
 .text          0x0000000000000000        0x0 drivers/src/stm32f446xx_gpio_driver.o
 .data          0x0000000000000000        0x0 drivers/src/stm32f446xx_gpio_driver.o
 .bss           0x0000000000000000        0x0 drivers/src/stm32f446xx_gpio_driver.o
 .text.GPIO_DeInit
                0x0000000000000000      0x148 drivers/src/stm32f446xx_gpio_driver.o
 .text.GPIO_ReadFromInputPort
                0x0000000000000000       0x1c drivers/src/stm32f446xx_gpio_driver.o
 .text.GPIO_WriteToOutputPin
                0x0000000000000000       0x4a drivers/src/stm32f446xx_gpio_driver.o
 .text.GPIO_WritetoOutputPort
                0x0000000000000000       0x1e drivers/src/stm32f446xx_gpio_driver.o
 .text.GPIO_ToggleOutputPin
                0x0000000000000000       0x2a drivers/src/stm32f446xx_gpio_driver.o
 .text.GPIO_IRQInterruptConfig
                0x0000000000000000      0x110 drivers/src/stm32f446xx_gpio_driver.o
 .text.GPIO_IRQPriorityConfig
                0x0000000000000000       0x5e drivers/src/stm32f446xx_gpio_driver.o
 .text.GPIO_IRQHandling
                0x0000000000000000       0x40 drivers/src/stm32f446xx_gpio_driver.o
 .group         0x0000000000000000        0xc drivers/src/stm32f446xx_i2c_driver.o
 .group         0x0000000000000000        0xc drivers/src/stm32f446xx_i2c_driver.o
 .group         0x0000000000000000        0xc drivers/src/stm32f446xx_i2c_driver.o
 .group         0x0000000000000000        0xc drivers/src/stm32f446xx_i2c_driver.o
 .group         0x0000000000000000        0xc drivers/src/stm32f446xx_i2c_driver.o
 .group         0x0000000000000000        0xc drivers/src/stm32f446xx_i2c_driver.o
 .group         0x0000000000000000        0xc drivers/src/stm32f446xx_i2c_driver.o
 .group         0x0000000000000000        0xc drivers/src/stm32f446xx_i2c_driver.o
 .group         0x0000000000000000        0xc drivers/src/stm32f446xx_i2c_driver.o
 .group         0x0000000000000000        0xc drivers/src/stm32f446xx_i2c_driver.o
 .group         0x0000000000000000        0xc drivers/src/stm32f446xx_i2c_driver.o
 .group         0x0000000000000000        0xc drivers/src/stm32f446xx_i2c_driver.o
 .group         0x0000000000000000        0xc drivers/src/stm32f446xx_i2c_driver.o
 .text          0x0000000000000000        0x0 drivers/src/stm32f446xx_i2c_driver.o
 .data          0x0000000000000000        0x0 drivers/src/stm32f446xx_i2c_driver.o
 .bss           0x0000000000000000        0x0 drivers/src/stm32f446xx_i2c_driver.o
 .text.I2C_ExecuteAddressPhaseRead
                0x0000000000000000       0x2c drivers/src/stm32f446xx_i2c_driver.o
 .text.I2C_DeInit
                0x0000000000000000       0x88 drivers/src/stm32f446xx_i2c_driver.o
 .text.I2C_MasterReceiveData
                0x0000000000000000      0x10c drivers/src/stm32f446xx_i2c_driver.o
 .text.I2C_SlaveSendData
                0x0000000000000000       0x1e drivers/src/stm32f446xx_i2c_driver.o
 .text.I2C_SlaveReceiveData
                0x0000000000000000       0x1a drivers/src/stm32f446xx_i2c_driver.o
 .text.I2C_MasterSendDataIT
                0x0000000000000000       0x86 drivers/src/stm32f446xx_i2c_driver.o
 .text.I2C_MasterReceiveDataIT
                0x0000000000000000       0x8c drivers/src/stm32f446xx_i2c_driver.o
 .text.I2C_CloseReceiveData
                0x0000000000000000       0x5c drivers/src/stm32f446xx_i2c_driver.o
 .text.I2C_CloseSendData
                0x0000000000000000       0x46 drivers/src/stm32f446xx_i2c_driver.o
 .text.I2C_IRQInterruptConfig
                0x0000000000000000      0x110 drivers/src/stm32f446xx_i2c_driver.o
 .text.I2C_MasterHandleTXEInterrupt
                0x0000000000000000       0x3e drivers/src/stm32f446xx_i2c_driver.o
 .text.I2C_MasterHandleRXNEInterrupt
                0x0000000000000000       0x86 drivers/src/stm32f446xx_i2c_driver.o
 .text.I2C_IRQPriorityConfig
                0x0000000000000000       0x5e drivers/src/stm32f446xx_i2c_driver.o
 .text.I2C_EV_IRQHandling
                0x0000000000000000      0x1b0 drivers/src/stm32f446xx_i2c_driver.o
 .text.I2C_ER_IRQHandling
                0x0000000000000000      0x10c drivers/src/stm32f446xx_i2c_driver.o
 .debug_macro   0x0000000000000000      0xa66 drivers/src/stm32f446xx_i2c_driver.o
 .debug_macro   0x0000000000000000       0x22 drivers/src/stm32f446xx_i2c_driver.o
 .debug_macro   0x0000000000000000       0x8e drivers/src/stm32f446xx_i2c_driver.o
 .debug_macro   0x0000000000000000       0x51 drivers/src/stm32f446xx_i2c_driver.o
 .debug_macro   0x0000000000000000       0xef drivers/src/stm32f446xx_i2c_driver.o
 .debug_macro   0x0000000000000000       0x6a drivers/src/stm32f446xx_i2c_driver.o
 .debug_macro   0x0000000000000000      0x1df drivers/src/stm32f446xx_i2c_driver.o
 .debug_macro   0x0000000000000000      0x174 drivers/src/stm32f446xx_i2c_driver.o
 .debug_macro   0x0000000000000000      0x778 drivers/src/stm32f446xx_i2c_driver.o
 .debug_macro   0x0000000000000000       0xc4 drivers/src/stm32f446xx_i2c_driver.o
 .debug_macro   0x0000000000000000      0x108 drivers/src/stm32f446xx_i2c_driver.o
 .group         0x0000000000000000        0xc drivers/src/stm32f446xx_rcc_driver.o
 .group         0x0000000000000000        0xc drivers/src/stm32f446xx_rcc_driver.o
 .group         0x0000000000000000        0xc drivers/src/stm32f446xx_rcc_driver.o
 .group         0x0000000000000000        0xc drivers/src/stm32f446xx_rcc_driver.o
 .group         0x0000000000000000        0xc drivers/src/stm32f446xx_rcc_driver.o
 .group         0x0000000000000000        0xc drivers/src/stm32f446xx_rcc_driver.o
 .group         0x0000000000000000        0xc drivers/src/stm32f446xx_rcc_driver.o
 .group         0x0000000000000000        0xc drivers/src/stm32f446xx_rcc_driver.o
 .group         0x0000000000000000        0xc drivers/src/stm32f446xx_rcc_driver.o
 .group         0x0000000000000000        0xc drivers/src/stm32f446xx_rcc_driver.o
 .group         0x0000000000000000        0xc drivers/src/stm32f446xx_rcc_driver.o
 .group         0x0000000000000000        0xc drivers/src/stm32f446xx_rcc_driver.o
 .group         0x0000000000000000        0xc drivers/src/stm32f446xx_rcc_driver.o
 .text          0x0000000000000000        0x0 drivers/src/stm32f446xx_rcc_driver.o
 .bss           0x0000000000000000        0x0 drivers/src/stm32f446xx_rcc_driver.o
 .text.RCC_GetPCLK2Value
                0x0000000000000000       0xb4 drivers/src/stm32f446xx_rcc_driver.o
 .debug_macro   0x0000000000000000      0xa66 drivers/src/stm32f446xx_rcc_driver.o
 .debug_macro   0x0000000000000000       0x22 drivers/src/stm32f446xx_rcc_driver.o
 .debug_macro   0x0000000000000000       0x8e drivers/src/stm32f446xx_rcc_driver.o
 .debug_macro   0x0000000000000000       0x51 drivers/src/stm32f446xx_rcc_driver.o
 .debug_macro   0x0000000000000000       0xef drivers/src/stm32f446xx_rcc_driver.o
 .debug_macro   0x0000000000000000       0x6a drivers/src/stm32f446xx_rcc_driver.o
 .debug_macro   0x0000000000000000      0x1df drivers/src/stm32f446xx_rcc_driver.o
 .debug_macro   0x0000000000000000      0x174 drivers/src/stm32f446xx_rcc_driver.o
 .debug_macro   0x0000000000000000      0x778 drivers/src/stm32f446xx_rcc_driver.o
 .debug_macro   0x0000000000000000       0xc4 drivers/src/stm32f446xx_rcc_driver.o
 .debug_macro   0x0000000000000000       0xc4 drivers/src/stm32f446xx_rcc_driver.o
 .debug_macro   0x0000000000000000       0xd6 drivers/src/stm32f446xx_rcc_driver.o
 .debug_macro   0x0000000000000000      0x108 drivers/src/stm32f446xx_rcc_driver.o
 .group         0x0000000000000000        0xc drivers/src/stm32f446xx_spi_driver.o
 .group         0x0000000000000000        0xc drivers/src/stm32f446xx_spi_driver.o
 .group         0x0000000000000000        0xc drivers/src/stm32f446xx_spi_driver.o
 .group         0x0000000000000000        0xc drivers/src/stm32f446xx_spi_driver.o
 .group         0x0000000000000000        0xc drivers/src/stm32f446xx_spi_driver.o
 .group         0x0000000000000000        0xc drivers/src/stm32f446xx_spi_driver.o
 .group         0x0000000000000000        0xc drivers/src/stm32f446xx_spi_driver.o
 .group         0x0000000000000000        0xc drivers/src/stm32f446xx_spi_driver.o
 .group         0x0000000000000000        0xc drivers/src/stm32f446xx_spi_driver.o
 .group         0x0000000000000000        0xc drivers/src/stm32f446xx_spi_driver.o
 .group         0x0000000000000000        0xc drivers/src/stm32f446xx_spi_driver.o
 .group         0x0000000000000000        0xc drivers/src/stm32f446xx_spi_driver.o
 .group         0x0000000000000000        0xc drivers/src/stm32f446xx_spi_driver.o
 .text          0x0000000000000000        0x0 drivers/src/stm32f446xx_spi_driver.o
 .data          0x0000000000000000        0x0 drivers/src/stm32f446xx_spi_driver.o
 .bss           0x0000000000000000        0x0 drivers/src/stm32f446xx_spi_driver.o
 .text.SPI_PeriClockControl
                0x0000000000000000       0xe0 drivers/src/stm32f446xx_spi_driver.o
 .text.SPI_Init
                0x0000000000000000       0xb4 drivers/src/stm32f446xx_spi_driver.o
 .text.SPI_DeInit
                0x0000000000000000       0xb0 drivers/src/stm32f446xx_spi_driver.o
 .text.SPI_GetFlagStatus
                0x0000000000000000       0x28 drivers/src/stm32f446xx_spi_driver.o
 .text.SPI_SendData
                0x0000000000000000       0x6c drivers/src/stm32f446xx_spi_driver.o
 .text.SPI_ReceiveData
                0x0000000000000000       0x6c drivers/src/stm32f446xx_spi_driver.o
 .text.SPI_SendDataIT
                0x0000000000000000       0x4e drivers/src/stm32f446xx_spi_driver.o
 .text.SPI_ReceiveDataIT
                0x0000000000000000       0x4e drivers/src/stm32f446xx_spi_driver.o
 .text.SPI_PeripheralControl
                0x0000000000000000       0x38 drivers/src/stm32f446xx_spi_driver.o
 .text.SPI_SSIConfig
                0x0000000000000000       0x38 drivers/src/stm32f446xx_spi_driver.o
 .text.SPI_IRQInterruptConfig
                0x0000000000000000      0x110 drivers/src/stm32f446xx_spi_driver.o
 .text.SPI_IRQPriorityConfig
                0x0000000000000000       0x5e drivers/src/stm32f446xx_spi_driver.o
 .text.SPI_IRQHandling
                0x0000000000000000       0x9a drivers/src/stm32f446xx_spi_driver.o
 .text.spi_txe_interrupt_handle
                0x0000000000000000       0x86 drivers/src/stm32f446xx_spi_driver.o
 .text.spi_rxne_interrupt_handle
                0x0000000000000000       0x88 drivers/src/stm32f446xx_spi_driver.o
 .text.spi_ovr_err_interrupt_handle
                0x0000000000000000       0x32 drivers/src/stm32f446xx_spi_driver.o
 .text.SPI_CloseTrasmission
                0x0000000000000000       0x36 drivers/src/stm32f446xx_spi_driver.o
 .text.SPI_CloseReception
                0x0000000000000000       0x36 drivers/src/stm32f446xx_spi_driver.o
 .text.SPI_ClearOVRFlag
                0x0000000000000000       0x20 drivers/src/stm32f446xx_spi_driver.o
 .text.SPI_ApplicationEventCallback
                0x0000000000000000       0x18 drivers/src/stm32f446xx_spi_driver.o
 .debug_info    0x0000000000000000      0x849 drivers/src/stm32f446xx_spi_driver.o
 .debug_abbrev  0x0000000000000000      0x1b1 drivers/src/stm32f446xx_spi_driver.o
 .debug_aranges
                0x0000000000000000       0xb8 drivers/src/stm32f446xx_spi_driver.o
 .debug_ranges  0x0000000000000000       0xa8 drivers/src/stm32f446xx_spi_driver.o
 .debug_macro   0x0000000000000000       0xc2 drivers/src/stm32f446xx_spi_driver.o
 .debug_macro   0x0000000000000000      0xa66 drivers/src/stm32f446xx_spi_driver.o
 .debug_macro   0x0000000000000000       0x22 drivers/src/stm32f446xx_spi_driver.o
 .debug_macro   0x0000000000000000       0x8e drivers/src/stm32f446xx_spi_driver.o
 .debug_macro   0x0000000000000000       0x51 drivers/src/stm32f446xx_spi_driver.o
 .debug_macro   0x0000000000000000       0xef drivers/src/stm32f446xx_spi_driver.o
 .debug_macro   0x0000000000000000       0x6a drivers/src/stm32f446xx_spi_driver.o
 .debug_macro   0x0000000000000000      0x1df drivers/src/stm32f446xx_spi_driver.o
 .debug_macro   0x0000000000000000      0x174 drivers/src/stm32f446xx_spi_driver.o
 .debug_macro   0x0000000000000000      0x778 drivers/src/stm32f446xx_spi_driver.o
 .debug_macro   0x0000000000000000       0xc4 drivers/src/stm32f446xx_spi_driver.o
 .debug_macro   0x0000000000000000       0xd6 drivers/src/stm32f446xx_spi_driver.o
 .debug_macro   0x0000000000000000      0x108 drivers/src/stm32f446xx_spi_driver.o
 .debug_macro   0x0000000000000000       0xbe drivers/src/stm32f446xx_spi_driver.o
 .debug_line    0x0000000000000000      0x61f drivers/src/stm32f446xx_spi_driver.o
 .debug_str     0x0000000000000000     0x731b drivers/src/stm32f446xx_spi_driver.o
 .comment       0x0000000000000000       0x80 drivers/src/stm32f446xx_spi_driver.o
 .debug_frame   0x0000000000000000      0x314 drivers/src/stm32f446xx_spi_driver.o
 .ARM.attributes
                0x0000000000000000       0x39 drivers/src/stm32f446xx_spi_driver.o
 .group         0x0000000000000000        0xc src/006i2c_master_tx_testing.o
 .group         0x0000000000000000        0xc src/006i2c_master_tx_testing.o
 .group         0x0000000000000000        0xc src/006i2c_master_tx_testing.o
 .group         0x0000000000000000        0xc src/006i2c_master_tx_testing.o
 .group         0x0000000000000000        0xc src/006i2c_master_tx_testing.o
 .group         0x0000000000000000        0xc src/006i2c_master_tx_testing.o
 .group         0x0000000000000000        0xc src/006i2c_master_tx_testing.o
 .group         0x0000000000000000        0xc src/006i2c_master_tx_testing.o
 .group         0x0000000000000000        0xc src/006i2c_master_tx_testing.o
 .group         0x0000000000000000        0xc src/006i2c_master_tx_testing.o
 .group         0x0000000000000000        0xc src/006i2c_master_tx_testing.o
 .group         0x0000000000000000        0xc src/006i2c_master_tx_testing.o
 .group         0x0000000000000000        0xc src/006i2c_master_tx_testing.o
 .group         0x0000000000000000        0xc src/006i2c_master_tx_testing.o
 .group         0x0000000000000000        0xc src/006i2c_master_tx_testing.o
 .group         0x0000000000000000        0xc src/006i2c_master_tx_testing.o
 .group         0x0000000000000000        0xc src/006i2c_master_tx_testing.o
 .group         0x0000000000000000        0xc src/006i2c_master_tx_testing.o
 .group         0x0000000000000000        0xc src/006i2c_master_tx_testing.o
 .group         0x0000000000000000        0xc src/006i2c_master_tx_testing.o
 .group         0x0000000000000000        0xc src/006i2c_master_tx_testing.o
 .group         0x0000000000000000        0xc src/006i2c_master_tx_testing.o
 .group         0x0000000000000000        0xc src/006i2c_master_tx_testing.o
 .group         0x0000000000000000        0xc src/006i2c_master_tx_testing.o
 .group         0x0000000000000000        0xc src/006i2c_master_tx_testing.o
 .group         0x0000000000000000        0xc src/006i2c_master_tx_testing.o
 .group         0x0000000000000000        0xc src/006i2c_master_tx_testing.o
 .group         0x0000000000000000        0xc src/006i2c_master_tx_testing.o
 .group         0x0000000000000000        0xc src/006i2c_master_tx_testing.o
 .group         0x0000000000000000        0xc src/006i2c_master_tx_testing.o
 .group         0x0000000000000000        0xc src/006i2c_master_tx_testing.o
 .group         0x0000000000000000        0xc src/006i2c_master_tx_testing.o
 .group         0x0000000000000000        0xc src/006i2c_master_tx_testing.o
 .group         0x0000000000000000        0xc src/006i2c_master_tx_testing.o
 .group         0x0000000000000000        0xc src/006i2c_master_tx_testing.o
 .group         0x0000000000000000        0xc src/006i2c_master_tx_testing.o
 .group         0x0000000000000000        0xc src/006i2c_master_tx_testing.o
 .group         0x0000000000000000        0xc src/006i2c_master_tx_testing.o
 .text          0x0000000000000000        0x0 src/006i2c_master_tx_testing.o
 .bss           0x0000000000000000        0x0 src/006i2c_master_tx_testing.o
 .text.I2C1_GPIOInits
                0x0000000000000000       0x44 src/006i2c_master_tx_testing.o
 .debug_macro   0x0000000000000000      0xa66 src/006i2c_master_tx_testing.o
 .debug_macro   0x0000000000000000       0x22 src/006i2c_master_tx_testing.o
 .debug_macro   0x0000000000000000       0x8e src/006i2c_master_tx_testing.o
 .debug_macro   0x0000000000000000       0x51 src/006i2c_master_tx_testing.o
 .debug_macro   0x0000000000000000       0xef src/006i2c_master_tx_testing.o
 .debug_macro   0x0000000000000000       0x6a src/006i2c_master_tx_testing.o
 .debug_macro   0x0000000000000000      0x1df src/006i2c_master_tx_testing.o
 .debug_macro   0x0000000000000000      0x174 src/006i2c_master_tx_testing.o
 .debug_macro   0x0000000000000000      0x778 src/006i2c_master_tx_testing.o
 .debug_macro   0x0000000000000000       0xc4 src/006i2c_master_tx_testing.o
 .debug_macro   0x0000000000000000       0xc4 src/006i2c_master_tx_testing.o
 .debug_macro   0x0000000000000000       0xd6 src/006i2c_master_tx_testing.o
 .debug_macro   0x0000000000000000      0x108 src/006i2c_master_tx_testing.o
 .text          0x0000000000000000       0x14 startup/startup_stm32.o
 .data          0x0000000000000000        0x0 startup/startup_stm32.o
 .bss           0x0000000000000000        0x0 startup/startup_stm32.o
 .group         0x0000000000000000        0xc startup/syscalls.o
 .group         0x0000000000000000        0xc startup/syscalls.o
 .group         0x0000000000000000        0xc startup/syscalls.o
 .group         0x0000000000000000        0xc startup/syscalls.o
 .group         0x0000000000000000        0xc startup/syscalls.o
 .group         0x0000000000000000        0xc startup/syscalls.o
 .group         0x0000000000000000        0xc startup/syscalls.o
 .group         0x0000000000000000        0xc startup/syscalls.o
 .group         0x0000000000000000        0xc startup/syscalls.o
 .group         0x0000000000000000        0xc startup/syscalls.o
 .group         0x0000000000000000        0xc startup/syscalls.o
 .group         0x0000000000000000        0xc startup/syscalls.o
 .group         0x0000000000000000        0xc startup/syscalls.o
 .group         0x0000000000000000        0xc startup/syscalls.o
 .group         0x0000000000000000        0xc startup/syscalls.o
 .group         0x0000000000000000        0xc startup/syscalls.o
 .group         0x0000000000000000        0xc startup/syscalls.o
 .group         0x0000000000000000        0xc startup/syscalls.o
 .group         0x0000000000000000        0xc startup/syscalls.o
 .group         0x0000000000000000        0xc startup/syscalls.o
 .group         0x0000000000000000        0xc startup/syscalls.o
 .group         0x0000000000000000        0xc startup/syscalls.o
 .group         0x0000000000000000        0xc startup/syscalls.o
 .group         0x0000000000000000        0xc startup/syscalls.o
 .group         0x0000000000000000        0xc startup/syscalls.o
 .group         0x0000000000000000        0xc startup/syscalls.o
 .group         0x0000000000000000        0xc startup/syscalls.o
 .group         0x0000000000000000        0xc startup/syscalls.o
 .group         0x0000000000000000        0xc startup/syscalls.o
 .group         0x0000000000000000        0xc startup/syscalls.o
 .group         0x0000000000000000        0xc startup/syscalls.o
 .group         0x0000000000000000        0xc startup/syscalls.o
 .group         0x0000000000000000        0xc startup/syscalls.o
 .group         0x0000000000000000        0xc startup/syscalls.o
 .group         0x0000000000000000        0xc startup/syscalls.o
 .group         0x0000000000000000        0xc startup/syscalls.o
 .group         0x0000000000000000        0xc startup/syscalls.o
 .group         0x0000000000000000        0xc startup/syscalls.o
 .group         0x0000000000000000        0xc startup/syscalls.o
 .group         0x0000000000000000        0xc startup/syscalls.o
 .group         0x0000000000000000        0xc startup/syscalls.o
 .group         0x0000000000000000        0xc startup/syscalls.o
 .group         0x0000000000000000        0xc startup/syscalls.o
 .group         0x0000000000000000        0xc startup/syscalls.o
 .text          0x0000000000000000        0x0 startup/syscalls.o
 .data          0x0000000000000000        0x4 startup/syscalls.o
 .bss           0x0000000000000000        0x4 startup/syscalls.o
 .text.initialise_monitor_handles
                0x0000000000000000        0xe startup/syscalls.o
 .text._getpid  0x0000000000000000       0x10 startup/syscalls.o
 .text._kill    0x0000000000000000       0x20 startup/syscalls.o
 .text._exit    0x0000000000000000       0x14 startup/syscalls.o
 .text._read    0x0000000000000000       0x3a startup/syscalls.o
 .text._write   0x0000000000000000       0x38 startup/syscalls.o
 .text._close   0x0000000000000000       0x18 startup/syscalls.o
 .text._fstat   0x0000000000000000       0x20 startup/syscalls.o
 .text._isatty  0x0000000000000000       0x16 startup/syscalls.o
 .text._lseek   0x0000000000000000       0x1a startup/syscalls.o
 .text._open    0x0000000000000000       0x1c startup/syscalls.o
 .text._wait    0x0000000000000000       0x1e startup/syscalls.o
 .text._unlink  0x0000000000000000       0x1e startup/syscalls.o
 .text._times   0x0000000000000000       0x18 startup/syscalls.o
 .text._stat    0x0000000000000000       0x20 startup/syscalls.o
 .text._link    0x0000000000000000       0x20 startup/syscalls.o
 .text._fork    0x0000000000000000       0x16 startup/syscalls.o
 .text._execve  0x0000000000000000       0x22 startup/syscalls.o
 .debug_info    0x0000000000000000      0xecd startup/syscalls.o
 .debug_abbrev  0x0000000000000000      0x297 startup/syscalls.o
 .debug_aranges
                0x0000000000000000       0xa8 startup/syscalls.o
 .debug_ranges  0x0000000000000000       0x98 startup/syscalls.o
 .debug_macro   0x0000000000000000      0x243 startup/syscalls.o
 .debug_macro   0x0000000000000000      0xa66 startup/syscalls.o
 .debug_macro   0x0000000000000000       0x22 startup/syscalls.o
 .debug_macro   0x0000000000000000       0x58 startup/syscalls.o
 .debug_macro   0x0000000000000000       0x18 startup/syscalls.o
 .debug_macro   0x0000000000000000       0x94 startup/syscalls.o
 .debug_macro   0x0000000000000000       0x35 startup/syscalls.o
 .debug_macro   0x0000000000000000       0x34 startup/syscalls.o
 .debug_macro   0x0000000000000000       0x57 startup/syscalls.o
 .debug_macro   0x0000000000000000      0x174 startup/syscalls.o
 .debug_macro   0x0000000000000000      0x330 startup/syscalls.o
 .debug_macro   0x0000000000000000       0x58 startup/syscalls.o
 .debug_macro   0x0000000000000000       0x1f startup/syscalls.o
 .debug_macro   0x0000000000000000       0x43 startup/syscalls.o
 .debug_macro   0x0000000000000000       0x20 startup/syscalls.o
 .debug_macro   0x0000000000000000      0x18e startup/syscalls.o
 .debug_macro   0x0000000000000000       0x10 startup/syscalls.o
 .debug_macro   0x0000000000000000       0x35 startup/syscalls.o
 .debug_macro   0x0000000000000000       0x10 startup/syscalls.o
 .debug_macro   0x0000000000000000       0x10 startup/syscalls.o
 .debug_macro   0x0000000000000000       0x10 startup/syscalls.o
 .debug_macro   0x0000000000000000       0x6a startup/syscalls.o
 .debug_macro   0x0000000000000000       0x1c startup/syscalls.o
 .debug_macro   0x0000000000000000       0x52 startup/syscalls.o
 .debug_macro   0x0000000000000000       0x40 startup/syscalls.o
 .debug_macro   0x0000000000000000       0x10 startup/syscalls.o
 .debug_macro   0x0000000000000000       0x40 startup/syscalls.o
 .debug_macro   0x0000000000000000       0xd7 startup/syscalls.o
 .debug_macro   0x0000000000000000       0x1c startup/syscalls.o
 .debug_macro   0x0000000000000000       0x3d startup/syscalls.o
 .debug_macro   0x0000000000000000       0x35 startup/syscalls.o
 .debug_macro   0x0000000000000000      0x122 startup/syscalls.o
 .debug_macro   0x0000000000000000       0x16 startup/syscalls.o
 .debug_macro   0x0000000000000000       0x16 startup/syscalls.o
 .debug_macro   0x0000000000000000       0x29 startup/syscalls.o
 .debug_macro   0x0000000000000000       0x10 startup/syscalls.o
 .debug_macro   0x0000000000000000      0x241 startup/syscalls.o
 .debug_macro   0x0000000000000000       0x1c startup/syscalls.o
 .debug_macro   0x0000000000000000       0x10 startup/syscalls.o
 .debug_macro   0x0000000000000000       0x10 startup/syscalls.o
 .debug_macro   0x0000000000000000       0x16 startup/syscalls.o
 .debug_macro   0x0000000000000000      0x16f startup/syscalls.o
 .debug_macro   0x0000000000000000      0x189 startup/syscalls.o
 .debug_macro   0x0000000000000000       0x16 startup/syscalls.o
 .debug_macro   0x0000000000000000       0x88 startup/syscalls.o
 .debug_line    0x0000000000000000      0x5d6 startup/syscalls.o
 .debug_str     0x0000000000000000     0x854e startup/syscalls.o
 .comment       0x0000000000000000       0x80 startup/syscalls.o
 .debug_frame   0x0000000000000000      0x2ac startup/syscalls.o
 .ARM.attributes
                0x0000000000000000       0x39 startup/syscalls.o
 .group         0x0000000000000000        0xc startup/sysmem.o
 .group         0x0000000000000000        0xc startup/sysmem.o
 .group         0x0000000000000000        0xc startup/sysmem.o
 .group         0x0000000000000000        0xc startup/sysmem.o
 .group         0x0000000000000000        0xc startup/sysmem.o
 .group         0x0000000000000000        0xc startup/sysmem.o
 .group         0x0000000000000000        0xc startup/sysmem.o
 .group         0x0000000000000000        0xc startup/sysmem.o
 .group         0x0000000000000000        0xc startup/sysmem.o
 .group         0x0000000000000000        0xc startup/sysmem.o
 .group         0x0000000000000000        0xc startup/sysmem.o
 .group         0x0000000000000000        0xc startup/sysmem.o
 .group         0x0000000000000000        0xc startup/sysmem.o
 .group         0x0000000000000000        0xc startup/sysmem.o
 .group         0x0000000000000000        0xc startup/sysmem.o
 .group         0x0000000000000000        0xc startup/sysmem.o
 .group         0x0000000000000000        0xc startup/sysmem.o
 .group         0x0000000000000000        0xc startup/sysmem.o
 .group         0x0000000000000000        0xc startup/sysmem.o
 .group         0x0000000000000000        0xc startup/sysmem.o
 .group         0x0000000000000000        0xc startup/sysmem.o
 .group         0x0000000000000000        0xc startup/sysmem.o
 .group         0x0000000000000000        0xc startup/sysmem.o
 .group         0x0000000000000000        0xc startup/sysmem.o
 .group         0x0000000000000000        0xc startup/sysmem.o
 .group         0x0000000000000000        0xc startup/sysmem.o
 .group         0x0000000000000000        0xc startup/sysmem.o
 .group         0x0000000000000000        0xc startup/sysmem.o
 .group         0x0000000000000000        0xc startup/sysmem.o
 .group         0x0000000000000000        0xc startup/sysmem.o
 .group         0x0000000000000000        0xc startup/sysmem.o
 .group         0x0000000000000000        0xc startup/sysmem.o
 .text          0x0000000000000000        0x0 startup/sysmem.o
 .data          0x0000000000000000        0x0 startup/sysmem.o
 .bss           0x0000000000000000        0x4 startup/sysmem.o
 .text._sbrk    0x0000000000000000       0x58 startup/sysmem.o
 .debug_info    0x0000000000000000      0x92c startup/sysmem.o
 .debug_abbrev  0x0000000000000000      0x1f1 startup/sysmem.o
 .debug_aranges
                0x0000000000000000       0x20 startup/sysmem.o
 .debug_ranges  0x0000000000000000       0x10 startup/sysmem.o
 .debug_macro   0x0000000000000000      0x1ae startup/sysmem.o
 .debug_macro   0x0000000000000000      0xa66 startup/sysmem.o
 .debug_macro   0x0000000000000000       0x10 startup/sysmem.o
 .debug_macro   0x0000000000000000       0x22 startup/sysmem.o
 .debug_macro   0x0000000000000000       0x58 startup/sysmem.o
 .debug_macro   0x0000000000000000       0x18 startup/sysmem.o
 .debug_macro   0x0000000000000000       0x94 startup/sysmem.o
 .debug_macro   0x0000000000000000       0x35 startup/sysmem.o
 .debug_macro   0x0000000000000000       0x34 startup/sysmem.o
 .debug_macro   0x0000000000000000      0x174 startup/sysmem.o
 .debug_macro   0x0000000000000000       0x57 startup/sysmem.o
 .debug_macro   0x0000000000000000       0x58 startup/sysmem.o
 .debug_macro   0x0000000000000000       0x1f startup/sysmem.o
 .debug_macro   0x0000000000000000       0x43 startup/sysmem.o
 .debug_macro   0x0000000000000000       0x20 startup/sysmem.o
 .debug_macro   0x0000000000000000      0x18e startup/sysmem.o
 .debug_macro   0x0000000000000000      0x23b startup/sysmem.o
 .debug_macro   0x0000000000000000       0x16 startup/sysmem.o
 .debug_macro   0x0000000000000000       0x35 startup/sysmem.o
 .debug_macro   0x0000000000000000      0x330 startup/sysmem.o
 .debug_macro   0x0000000000000000       0x10 startup/sysmem.o
 .debug_macro   0x0000000000000000       0x10 startup/sysmem.o
 .debug_macro   0x0000000000000000       0x6a startup/sysmem.o
 .debug_macro   0x0000000000000000       0x1c startup/sysmem.o
 .debug_macro   0x0000000000000000       0x52 startup/sysmem.o
 .debug_macro   0x0000000000000000       0x40 startup/sysmem.o
 .debug_macro   0x0000000000000000       0x10 startup/sysmem.o
 .debug_macro   0x0000000000000000       0x40 startup/sysmem.o
 .debug_macro   0x0000000000000000       0xd7 startup/sysmem.o
 .debug_macro   0x0000000000000000       0x1c startup/sysmem.o
 .debug_macro   0x0000000000000000       0x3d startup/sysmem.o
 .debug_macro   0x0000000000000000       0x16 startup/sysmem.o
 .debug_macro   0x0000000000000000      0x16f startup/sysmem.o
 .debug_line    0x0000000000000000      0x3f6 startup/sysmem.o
 .debug_str     0x0000000000000000     0x77a7 startup/sysmem.o
 .comment       0x0000000000000000       0x80 startup/sysmem.o
 .debug_frame   0x0000000000000000       0x34 startup/sysmem.o
 .ARM.attributes
                0x0000000000000000       0x39 startup/sysmem.o
 .text          0x0000000000000000        0x0 /home/bhavya/Downloads/1/plugins/fr.ac6.mcu.externaltools.arm-none.linux64_1.17.0.201812190825/tools/compiler/bin/../lib/gcc/arm-none-eabi/7.3.1/../../../../arm-none-eabi/lib/thumb/v7e-m/fpv4-sp/hard/libc.a(lib_a-errno.o)
 .data          0x0000000000000000        0x0 /home/bhavya/Downloads/1/plugins/fr.ac6.mcu.externaltools.arm-none.linux64_1.17.0.201812190825/tools/compiler/bin/../lib/gcc/arm-none-eabi/7.3.1/../../../../arm-none-eabi/lib/thumb/v7e-m/fpv4-sp/hard/libc.a(lib_a-errno.o)
 .bss           0x0000000000000000        0x0 /home/bhavya/Downloads/1/plugins/fr.ac6.mcu.externaltools.arm-none.linux64_1.17.0.201812190825/tools/compiler/bin/../lib/gcc/arm-none-eabi/7.3.1/../../../../arm-none-eabi/lib/thumb/v7e-m/fpv4-sp/hard/libc.a(lib_a-errno.o)
 .text.__errno  0x0000000000000000        0xc /home/bhavya/Downloads/1/plugins/fr.ac6.mcu.externaltools.arm-none.linux64_1.17.0.201812190825/tools/compiler/bin/../lib/gcc/arm-none-eabi/7.3.1/../../../../arm-none-eabi/lib/thumb/v7e-m/fpv4-sp/hard/libc.a(lib_a-errno.o)
 .debug_frame   0x0000000000000000       0x20 /home/bhavya/Downloads/1/plugins/fr.ac6.mcu.externaltools.arm-none.linux64_1.17.0.201812190825/tools/compiler/bin/../lib/gcc/arm-none-eabi/7.3.1/../../../../arm-none-eabi/lib/thumb/v7e-m/fpv4-sp/hard/libc.a(lib_a-errno.o)
 .ARM.attributes
                0x0000000000000000       0x34 /home/bhavya/Downloads/1/plugins/fr.ac6.mcu.externaltools.arm-none.linux64_1.17.0.201812190825/tools/compiler/bin/../lib/gcc/arm-none-eabi/7.3.1/../../../../arm-none-eabi/lib/thumb/v7e-m/fpv4-sp/hard/libc.a(lib_a-errno.o)
 .text          0x0000000000000000        0x0 /home/bhavya/Downloads/1/plugins/fr.ac6.mcu.externaltools.arm-none.linux64_1.17.0.201812190825/tools/compiler/bin/../lib/gcc/arm-none-eabi/7.3.1/../../../../arm-none-eabi/lib/thumb/v7e-m/fpv4-sp/hard/libc.a(lib_a-exit.o)
 .data          0x0000000000000000        0x0 /home/bhavya/Downloads/1/plugins/fr.ac6.mcu.externaltools.arm-none.linux64_1.17.0.201812190825/tools/compiler/bin/../lib/gcc/arm-none-eabi/7.3.1/../../../../arm-none-eabi/lib/thumb/v7e-m/fpv4-sp/hard/libc.a(lib_a-exit.o)
 .bss           0x0000000000000000        0x0 /home/bhavya/Downloads/1/plugins/fr.ac6.mcu.externaltools.arm-none.linux64_1.17.0.201812190825/tools/compiler/bin/../lib/gcc/arm-none-eabi/7.3.1/../../../../arm-none-eabi/lib/thumb/v7e-m/fpv4-sp/hard/libc.a(lib_a-exit.o)
 .text.exit     0x0000000000000000       0x20 /home/bhavya/Downloads/1/plugins/fr.ac6.mcu.externaltools.arm-none.linux64_1.17.0.201812190825/tools/compiler/bin/../lib/gcc/arm-none-eabi/7.3.1/../../../../arm-none-eabi/lib/thumb/v7e-m/fpv4-sp/hard/libc.a(lib_a-exit.o)
 .debug_frame   0x0000000000000000       0x28 /home/bhavya/Downloads/1/plugins/fr.ac6.mcu.externaltools.arm-none.linux64_1.17.0.201812190825/tools/compiler/bin/../lib/gcc/arm-none-eabi/7.3.1/../../../../arm-none-eabi/lib/thumb/v7e-m/fpv4-sp/hard/libc.a(lib_a-exit.o)
 .ARM.attributes
                0x0000000000000000       0x34 /home/bhavya/Downloads/1/plugins/fr.ac6.mcu.externaltools.arm-none.linux64_1.17.0.201812190825/tools/compiler/bin/../lib/gcc/arm-none-eabi/7.3.1/../../../../arm-none-eabi/lib/thumb/v7e-m/fpv4-sp/hard/libc.a(lib_a-exit.o)
 .text          0x0000000000000000        0x0 /home/bhavya/Downloads/1/plugins/fr.ac6.mcu.externaltools.arm-none.linux64_1.17.0.201812190825/tools/compiler/bin/../lib/gcc/arm-none-eabi/7.3.1/../../../../arm-none-eabi/lib/thumb/v7e-m/fpv4-sp/hard/libc.a(lib_a-impure.o)
 .data          0x0000000000000000        0x0 /home/bhavya/Downloads/1/plugins/fr.ac6.mcu.externaltools.arm-none.linux64_1.17.0.201812190825/tools/compiler/bin/../lib/gcc/arm-none-eabi/7.3.1/../../../../arm-none-eabi/lib/thumb/v7e-m/fpv4-sp/hard/libc.a(lib_a-impure.o)
 .bss           0x0000000000000000        0x0 /home/bhavya/Downloads/1/plugins/fr.ac6.mcu.externaltools.arm-none.linux64_1.17.0.201812190825/tools/compiler/bin/../lib/gcc/arm-none-eabi/7.3.1/../../../../arm-none-eabi/lib/thumb/v7e-m/fpv4-sp/hard/libc.a(lib_a-impure.o)
 .data._impure_ptr
                0x0000000000000000        0x4 /home/bhavya/Downloads/1/plugins/fr.ac6.mcu.externaltools.arm-none.linux64_1.17.0.201812190825/tools/compiler/bin/../lib/gcc/arm-none-eabi/7.3.1/../../../../arm-none-eabi/lib/thumb/v7e-m/fpv4-sp/hard/libc.a(lib_a-impure.o)
 .text          0x0000000000000000        0x0 /home/bhavya/Downloads/1/plugins/fr.ac6.mcu.externaltools.arm-none.linux64_1.17.0.201812190825/tools/compiler/bin/../lib/gcc/arm-none-eabi/7.3.1/../../../../arm-none-eabi/lib/thumb/v7e-m/fpv4-sp/hard/libc.a(lib_a-init.o)
 .data          0x0000000000000000        0x0 /home/bhavya/Downloads/1/plugins/fr.ac6.mcu.externaltools.arm-none.linux64_1.17.0.201812190825/tools/compiler/bin/../lib/gcc/arm-none-eabi/7.3.1/../../../../arm-none-eabi/lib/thumb/v7e-m/fpv4-sp/hard/libc.a(lib_a-init.o)
 .bss           0x0000000000000000        0x0 /home/bhavya/Downloads/1/plugins/fr.ac6.mcu.externaltools.arm-none.linux64_1.17.0.201812190825/tools/compiler/bin/../lib/gcc/arm-none-eabi/7.3.1/../../../../arm-none-eabi/lib/thumb/v7e-m/fpv4-sp/hard/libc.a(lib_a-init.o)
 .text          0x0000000000000000        0x0 /home/bhavya/Downloads/1/plugins/fr.ac6.mcu.externaltools.arm-none.linux64_1.17.0.201812190825/tools/compiler/bin/../lib/gcc/arm-none-eabi/7.3.1/../../../../arm-none-eabi/lib/thumb/v7e-m/fpv4-sp/hard/libc.a(lib_a-memset.o)
 .data          0x0000000000000000        0x0 /home/bhavya/Downloads/1/plugins/fr.ac6.mcu.externaltools.arm-none.linux64_1.17.0.201812190825/tools/compiler/bin/../lib/gcc/arm-none-eabi/7.3.1/../../../../arm-none-eabi/lib/thumb/v7e-m/fpv4-sp/hard/libc.a(lib_a-memset.o)
 .bss           0x0000000000000000        0x0 /home/bhavya/Downloads/1/plugins/fr.ac6.mcu.externaltools.arm-none.linux64_1.17.0.201812190825/tools/compiler/bin/../lib/gcc/arm-none-eabi/7.3.1/../../../../arm-none-eabi/lib/thumb/v7e-m/fpv4-sp/hard/libc.a(lib_a-memset.o)
 .text.memset   0x0000000000000000       0x94 /home/bhavya/Downloads/1/plugins/fr.ac6.mcu.externaltools.arm-none.linux64_1.17.0.201812190825/tools/compiler/bin/../lib/gcc/arm-none-eabi/7.3.1/../../../../arm-none-eabi/lib/thumb/v7e-m/fpv4-sp/hard/libc.a(lib_a-memset.o)
 .debug_frame   0x0000000000000000       0x38 /home/bhavya/Downloads/1/plugins/fr.ac6.mcu.externaltools.arm-none.linux64_1.17.0.201812190825/tools/compiler/bin/../lib/gcc/arm-none-eabi/7.3.1/../../../../arm-none-eabi/lib/thumb/v7e-m/fpv4-sp/hard/libc.a(lib_a-memset.o)
 .ARM.attributes
                0x0000000000000000       0x34 /home/bhavya/Downloads/1/plugins/fr.ac6.mcu.externaltools.arm-none.linux64_1.17.0.201812190825/tools/compiler/bin/../lib/gcc/arm-none-eabi/7.3.1/../../../../arm-none-eabi/lib/thumb/v7e-m/fpv4-sp/hard/libc.a(lib_a-memset.o)
 .data          0x0000000000000000        0x0 /home/bhavya/Downloads/1/plugins/fr.ac6.mcu.externaltools.arm-none.linux64_1.17.0.201812190825/tools/compiler/bin/../lib/gcc/arm-none-eabi/7.3.1/../../../../arm-none-eabi/lib/thumb/v7e-m/fpv4-sp/hard/libc.a(lib_a-strlen.o)
 .bss           0x0000000000000000        0x0 /home/bhavya/Downloads/1/plugins/fr.ac6.mcu.externaltools.arm-none.linux64_1.17.0.201812190825/tools/compiler/bin/../lib/gcc/arm-none-eabi/7.3.1/../../../../arm-none-eabi/lib/thumb/v7e-m/fpv4-sp/hard/libc.a(lib_a-strlen.o)
 .text          0x0000000000000000        0x0 /home/bhavya/Downloads/1/plugins/fr.ac6.mcu.externaltools.arm-none.linux64_1.17.0.201812190825/tools/compiler/bin/../lib/gcc/arm-none-eabi/7.3.1/../../../../arm-none-eabi/lib/thumb/v7e-m/fpv4-sp/hard/libc.a(lib_a-__call_atexit.o)
 .data          0x0000000000000000        0x0 /home/bhavya/Downloads/1/plugins/fr.ac6.mcu.externaltools.arm-none.linux64_1.17.0.201812190825/tools/compiler/bin/../lib/gcc/arm-none-eabi/7.3.1/../../../../arm-none-eabi/lib/thumb/v7e-m/fpv4-sp/hard/libc.a(lib_a-__call_atexit.o)
 .bss           0x0000000000000000        0x0 /home/bhavya/Downloads/1/plugins/fr.ac6.mcu.externaltools.arm-none.linux64_1.17.0.201812190825/tools/compiler/bin/../lib/gcc/arm-none-eabi/7.3.1/../../../../arm-none-eabi/lib/thumb/v7e-m/fpv4-sp/hard/libc.a(lib_a-__call_atexit.o)
 .text.__call_exitprocs
                0x0000000000000000       0xe8 /home/bhavya/Downloads/1/plugins/fr.ac6.mcu.externaltools.arm-none.linux64_1.17.0.201812190825/tools/compiler/bin/../lib/gcc/arm-none-eabi/7.3.1/../../../../arm-none-eabi/lib/thumb/v7e-m/fpv4-sp/hard/libc.a(lib_a-__call_atexit.o)
 .text          0x0000000000000000        0x0 /home/bhavya/Downloads/1/plugins/fr.ac6.mcu.externaltools.arm-none.linux64_1.17.0.201812190825/tools/compiler/bin/../lib/gcc/arm-none-eabi/7.3.1/../../../../arm-none-eabi/lib/thumb/v7e-m/fpv4-sp/hard/libc.a(lib_a-atexit.o)
 .data          0x0000000000000000        0x0 /home/bhavya/Downloads/1/plugins/fr.ac6.mcu.externaltools.arm-none.linux64_1.17.0.201812190825/tools/compiler/bin/../lib/gcc/arm-none-eabi/7.3.1/../../../../arm-none-eabi/lib/thumb/v7e-m/fpv4-sp/hard/libc.a(lib_a-atexit.o)
 .bss           0x0000000000000000        0x0 /home/bhavya/Downloads/1/plugins/fr.ac6.mcu.externaltools.arm-none.linux64_1.17.0.201812190825/tools/compiler/bin/../lib/gcc/arm-none-eabi/7.3.1/../../../../arm-none-eabi/lib/thumb/v7e-m/fpv4-sp/hard/libc.a(lib_a-atexit.o)
 .text          0x0000000000000000        0x0 /home/bhavya/Downloads/1/plugins/fr.ac6.mcu.externaltools.arm-none.linux64_1.17.0.201812190825/tools/compiler/bin/../lib/gcc/arm-none-eabi/7.3.1/../../../../arm-none-eabi/lib/thumb/v7e-m/fpv4-sp/hard/libc.a(lib_a-fini.o)
 .data          0x0000000000000000        0x0 /home/bhavya/Downloads/1/plugins/fr.ac6.mcu.externaltools.arm-none.linux64_1.17.0.201812190825/tools/compiler/bin/../lib/gcc/arm-none-eabi/7.3.1/../../../../arm-none-eabi/lib/thumb/v7e-m/fpv4-sp/hard/libc.a(lib_a-fini.o)
 .bss           0x0000000000000000        0x0 /home/bhavya/Downloads/1/plugins/fr.ac6.mcu.externaltools.arm-none.linux64_1.17.0.201812190825/tools/compiler/bin/../lib/gcc/arm-none-eabi/7.3.1/../../../../arm-none-eabi/lib/thumb/v7e-m/fpv4-sp/hard/libc.a(lib_a-fini.o)
 .text          0x0000000000000000        0x0 /home/bhavya/Downloads/1/plugins/fr.ac6.mcu.externaltools.arm-none.linux64_1.17.0.201812190825/tools/compiler/bin/../lib/gcc/arm-none-eabi/7.3.1/../../../../arm-none-eabi/lib/thumb/v7e-m/fpv4-sp/hard/libc.a(lib_a-lock.o)
 .data          0x0000000000000000        0x0 /home/bhavya/Downloads/1/plugins/fr.ac6.mcu.externaltools.arm-none.linux64_1.17.0.201812190825/tools/compiler/bin/../lib/gcc/arm-none-eabi/7.3.1/../../../../arm-none-eabi/lib/thumb/v7e-m/fpv4-sp/hard/libc.a(lib_a-lock.o)
 .bss           0x0000000000000000        0x0 /home/bhavya/Downloads/1/plugins/fr.ac6.mcu.externaltools.arm-none.linux64_1.17.0.201812190825/tools/compiler/bin/../lib/gcc/arm-none-eabi/7.3.1/../../../../arm-none-eabi/lib/thumb/v7e-m/fpv4-sp/hard/libc.a(lib_a-lock.o)
 .text.__retarget_lock_init
                0x0000000000000000        0x4 /home/bhavya/Downloads/1/plugins/fr.ac6.mcu.externaltools.arm-none.linux64_1.17.0.201812190825/tools/compiler/bin/../lib/gcc/arm-none-eabi/7.3.1/../../../../arm-none-eabi/lib/thumb/v7e-m/fpv4-sp/hard/libc.a(lib_a-lock.o)
 .text.__retarget_lock_init_recursive
                0x0000000000000000        0x4 /home/bhavya/Downloads/1/plugins/fr.ac6.mcu.externaltools.arm-none.linux64_1.17.0.201812190825/tools/compiler/bin/../lib/gcc/arm-none-eabi/7.3.1/../../../../arm-none-eabi/lib/thumb/v7e-m/fpv4-sp/hard/libc.a(lib_a-lock.o)
 .text.__retarget_lock_close
                0x0000000000000000        0x4 /home/bhavya/Downloads/1/plugins/fr.ac6.mcu.externaltools.arm-none.linux64_1.17.0.201812190825/tools/compiler/bin/../lib/gcc/arm-none-eabi/7.3.1/../../../../arm-none-eabi/lib/thumb/v7e-m/fpv4-sp/hard/libc.a(lib_a-lock.o)
 .text.__retarget_lock_close_recursive
                0x0000000000000000        0x4 /home/bhavya/Downloads/1/plugins/fr.ac6.mcu.externaltools.arm-none.linux64_1.17.0.201812190825/tools/compiler/bin/../lib/gcc/arm-none-eabi/7.3.1/../../../../arm-none-eabi/lib/thumb/v7e-m/fpv4-sp/hard/libc.a(lib_a-lock.o)
 .text.__retarget_lock_acquire
                0x0000000000000000        0x4 /home/bhavya/Downloads/1/plugins/fr.ac6.mcu.externaltools.arm-none.linux64_1.17.0.201812190825/tools/compiler/bin/../lib/gcc/arm-none-eabi/7.3.1/../../../../arm-none-eabi/lib/thumb/v7e-m/fpv4-sp/hard/libc.a(lib_a-lock.o)
 .text.__retarget_lock_try_acquire
                0x0000000000000000        0x4 /home/bhavya/Downloads/1/plugins/fr.ac6.mcu.externaltools.arm-none.linux64_1.17.0.201812190825/tools/compiler/bin/../lib/gcc/arm-none-eabi/7.3.1/../../../../arm-none-eabi/lib/thumb/v7e-m/fpv4-sp/hard/libc.a(lib_a-lock.o)
 .text.__retarget_lock_try_acquire_recursive
                0x0000000000000000        0x4 /home/bhavya/Downloads/1/plugins/fr.ac6.mcu.externaltools.arm-none.linux64_1.17.0.201812190825/tools/compiler/bin/../lib/gcc/arm-none-eabi/7.3.1/../../../../arm-none-eabi/lib/thumb/v7e-m/fpv4-sp/hard/libc.a(lib_a-lock.o)
 .text.__retarget_lock_release
                0x0000000000000000        0x4 /home/bhavya/Downloads/1/plugins/fr.ac6.mcu.externaltools.arm-none.linux64_1.17.0.201812190825/tools/compiler/bin/../lib/gcc/arm-none-eabi/7.3.1/../../../../arm-none-eabi/lib/thumb/v7e-m/fpv4-sp/hard/libc.a(lib_a-lock.o)
 .text          0x0000000000000000        0x0 /home/bhavya/Downloads/1/plugins/fr.ac6.mcu.externaltools.arm-none.linux64_1.17.0.201812190825/tools/compiler/bin/../lib/gcc/arm-none-eabi/7.3.1/../../../../arm-none-eabi/lib/thumb/v7e-m/fpv4-sp/hard/libc.a(lib_a-__atexit.o)
 .data          0x0000000000000000        0x0 /home/bhavya/Downloads/1/plugins/fr.ac6.mcu.externaltools.arm-none.linux64_1.17.0.201812190825/tools/compiler/bin/../lib/gcc/arm-none-eabi/7.3.1/../../../../arm-none-eabi/lib/thumb/v7e-m/fpv4-sp/hard/libc.a(lib_a-__atexit.o)
 .bss           0x0000000000000000        0x0 /home/bhavya/Downloads/1/plugins/fr.ac6.mcu.externaltools.arm-none.linux64_1.17.0.201812190825/tools/compiler/bin/../lib/gcc/arm-none-eabi/7.3.1/../../../../arm-none-eabi/lib/thumb/v7e-m/fpv4-sp/hard/libc.a(lib_a-__atexit.o)
 .text          0x0000000000000000        0x0 /home/bhavya/Downloads/1/plugins/fr.ac6.mcu.externaltools.arm-none.linux64_1.17.0.201812190825/tools/compiler/bin/../lib/gcc/arm-none-eabi/7.3.1/thumb/v7e-m/fpv4-sp/hard/crtend.o
 .data          0x0000000000000000        0x0 /home/bhavya/Downloads/1/plugins/fr.ac6.mcu.externaltools.arm-none.linux64_1.17.0.201812190825/tools/compiler/bin/../lib/gcc/arm-none-eabi/7.3.1/thumb/v7e-m/fpv4-sp/hard/crtend.o
 .bss           0x0000000000000000        0x0 /home/bhavya/Downloads/1/plugins/fr.ac6.mcu.externaltools.arm-none.linux64_1.17.0.201812190825/tools/compiler/bin/../lib/gcc/arm-none-eabi/7.3.1/thumb/v7e-m/fpv4-sp/hard/crtend.o
 .eh_frame      0x0000000000000000        0x4 /home/bhavya/Downloads/1/plugins/fr.ac6.mcu.externaltools.arm-none.linux64_1.17.0.201812190825/tools/compiler/bin/../lib/gcc/arm-none-eabi/7.3.1/thumb/v7e-m/fpv4-sp/hard/crtend.o
 .ARM.attributes
                0x0000000000000000       0x34 /home/bhavya/Downloads/1/plugins/fr.ac6.mcu.externaltools.arm-none.linux64_1.17.0.201812190825/tools/compiler/bin/../lib/gcc/arm-none-eabi/7.3.1/thumb/v7e-m/fpv4-sp/hard/crtend.o
 .text          0x0000000000000000        0x0 /home/bhavya/Downloads/1/plugins/fr.ac6.mcu.externaltools.arm-none.linux64_1.17.0.201812190825/tools/compiler/bin/../lib/gcc/arm-none-eabi/7.3.1/thumb/v7e-m/fpv4-sp/hard/crtn.o
 .data          0x0000000000000000        0x0 /home/bhavya/Downloads/1/plugins/fr.ac6.mcu.externaltools.arm-none.linux64_1.17.0.201812190825/tools/compiler/bin/../lib/gcc/arm-none-eabi/7.3.1/thumb/v7e-m/fpv4-sp/hard/crtn.o
 .bss           0x0000000000000000        0x0 /home/bhavya/Downloads/1/plugins/fr.ac6.mcu.externaltools.arm-none.linux64_1.17.0.201812190825/tools/compiler/bin/../lib/gcc/arm-none-eabi/7.3.1/thumb/v7e-m/fpv4-sp/hard/crtn.o

Memory Configuration

Name             Origin             Length             Attributes
RAM              0x0000000020000000 0x0000000000020000 xrw
ROM              0x0000000008000000 0x0000000000080000 xr
*default*        0x0000000000000000 0xffffffffffffffff

Linker script and memory map

LOAD /home/bhavya/Downloads/1/plugins/fr.ac6.mcu.externaltools.arm-none.linux64_1.17.0.201812190825/tools/compiler/bin/../lib/gcc/arm-none-eabi/7.3.1/thumb/v7e-m/fpv4-sp/hard/crti.o
LOAD /home/bhavya/Downloads/1/plugins/fr.ac6.mcu.externaltools.arm-none.linux64_1.17.0.201812190825/tools/compiler/bin/../lib/gcc/arm-none-eabi/7.3.1/thumb/v7e-m/fpv4-sp/hard/crtbegin.o
LOAD /home/bhavya/Downloads/1/plugins/fr.ac6.mcu.externaltools.arm-none.linux64_1.17.0.201812190825/tools/compiler/bin/../lib/gcc/arm-none-eabi/7.3.1/../../../../arm-none-eabi/lib/thumb/v7e-m/fpv4-sp/hard/crt0.o
LOAD drivers/src/stm32f446xx_gpio_driver.o
LOAD drivers/src/stm32f446xx_i2c_driver.o
LOAD drivers/src/stm32f446xx_rcc_driver.o
LOAD drivers/src/stm32f446xx_spi_driver.o
LOAD src/006i2c_master_tx_testing.o
LOAD startup/startup_stm32.o
LOAD startup/syscalls.o
LOAD startup/sysmem.o
LOAD /home/bhavya/Downloads/1/plugins/fr.ac6.mcu.externaltools.arm-none.linux64_1.17.0.201812190825/tools/compiler/bin/../lib/gcc/arm-none-eabi/7.3.1/../../../../arm-none-eabi/lib/thumb/v7e-m/fpv4-sp/hard/libm.a
START GROUP
LOAD /home/bhavya/Downloads/1/plugins/fr.ac6.mcu.externaltools.arm-none.linux64_1.17.0.201812190825/tools/compiler/bin/../lib/gcc/arm-none-eabi/7.3.1/thumb/v7e-m/fpv4-sp/hard/libgcc.a
LOAD /home/bhavya/Downloads/1/plugins/fr.ac6.mcu.externaltools.arm-none.linux64_1.17.0.201812190825/tools/compiler/bin/../lib/gcc/arm-none-eabi/7.3.1/../../../../arm-none-eabi/lib/thumb/v7e-m/fpv4-sp/hard/libc.a
END GROUP
LOAD /home/bhavya/Downloads/1/plugins/fr.ac6.mcu.externaltools.arm-none.linux64_1.17.0.201812190825/tools/compiler/bin/../lib/gcc/arm-none-eabi/7.3.1/thumb/v7e-m/fpv4-sp/hard/crtend.o
LOAD /home/bhavya/Downloads/1/plugins/fr.ac6.mcu.externaltools.arm-none.linux64_1.17.0.201812190825/tools/compiler/bin/../lib/gcc/arm-none-eabi/7.3.1/thumb/v7e-m/fpv4-sp/hard/crtn.o
                0x0000000020020000                _estack = 0x20020000
                0x0000000000000000                _Min_Heap_Size = 0x0
                0x0000000000000400                _Min_Stack_Size = 0x400

.isr_vector     0x0000000008000000      0x1c4
                0x0000000008000000                . = ALIGN (0x4)
 *(.isr_vector)
 .isr_vector    0x0000000008000000      0x1c4 startup/startup_stm32.o
                0x0000000008000000                g_pfnVectors
                0x00000000080001c4                . = ALIGN (0x4)

.text           0x0000000008000200      0xd60
                0x0000000008000200                . = ALIGN (0x4)
 *(.text)
 .text          0x0000000008000200       0x40 /home/bhavya/Downloads/1/plugins/fr.ac6.mcu.externaltools.arm-none.linux64_1.17.0.201812190825/tools/compiler/bin/../lib/gcc/arm-none-eabi/7.3.1/thumb/v7e-m/fpv4-sp/hard/crtbegin.o
 .text          0x0000000008000240       0xdc /home/bhavya/Downloads/1/plugins/fr.ac6.mcu.externaltools.arm-none.linux64_1.17.0.201812190825/tools/compiler/bin/../lib/gcc/arm-none-eabi/7.3.1/../../../../arm-none-eabi/lib/thumb/v7e-m/fpv4-sp/hard/libc.a(lib_a-strlen.o)
                0x0000000008000240                strlen
 *(.text*)
 .text.GPIO_PeriClockControl
                0x000000000800031c      0x1a0 drivers/src/stm32f446xx_gpio_driver.o
                0x000000000800031c                GPIO_PeriClockControl
 .text.GPIO_Init
                0x00000000080004bc      0x328 drivers/src/stm32f446xx_gpio_driver.o
                0x00000000080004bc                GPIO_Init
 .text.GPIO_ReadFromInputPin
                0x00000000080007e4       0x30 drivers/src/stm32f446xx_gpio_driver.o
                0x00000000080007e4                GPIO_ReadFromInputPin
 .text.I2C_GenerateStartCondition
                0x0000000008000814       0x20 drivers/src/stm32f446xx_i2c_driver.o
                0x0000000008000814                I2C_GenerateStartCondition
 .text.I2C_GenerateStopCondition
                0x0000000008000834       0x20 drivers/src/stm32f446xx_i2c_driver.o
                0x0000000008000834                I2C_GenerateStopCondition
 .text.I2C_ExecuteAddressPhaseWrite
                0x0000000008000854       0x2c drivers/src/stm32f446xx_i2c_driver.o
 .text.I2C_ClearADDRFlag
                0x0000000008000880       0x6e drivers/src/stm32f446xx_i2c_driver.o
 .text.I2C_GetFlagStatus
                0x00000000080008ee       0x28 drivers/src/stm32f446xx_i2c_driver.o
                0x00000000080008ee                I2C_GetFlagStatus
 *fill*         0x0000000008000916        0x2 
 .text.I2C_PeriClockControl
                0x0000000008000918       0xb0 drivers/src/stm32f446xx_i2c_driver.o
                0x0000000008000918                I2C_PeriClockControl
 .text.I2C_Init
                0x00000000080009c8       0xcc drivers/src/stm32f446xx_i2c_driver.o
                0x00000000080009c8                I2C_Init
 .text.I2C_MasterSendData
                0x0000000008000a94       0xc0 drivers/src/stm32f446xx_i2c_driver.o
                0x0000000008000a94                I2C_MasterSendData
 .text.I2C_ManageAcking
                0x0000000008000b54       0x36 drivers/src/stm32f446xx_i2c_driver.o
                0x0000000008000b54                I2C_ManageAcking
 .text.I2C_PeripheralControl
                0x0000000008000b8a       0x38 drivers/src/stm32f446xx_i2c_driver.o
                0x0000000008000b8a                I2C_PeripheralControl
 .text.RCC_GetPLLOutputClock
                0x0000000008000bc2       0x10 drivers/src/stm32f446xx_rcc_driver.o
                0x0000000008000bc2                RCC_GetPLLOutputClock
 *fill*         0x0000000008000bd2        0x2 
 .text.RCC_GetPCLK1Value
                0x0000000008000bd4       0xb4 drivers/src/stm32f446xx_rcc_driver.o
                0x0000000008000bd4                RCC_GetPCLK1Value
 .text.delay    0x0000000008000c88       0x2c src/006i2c_master_tx_testing.o
                0x0000000008000c88                delay
 .text.GPIO_ButtonInit
                0x0000000008000cb4       0x5c src/006i2c_master_tx_testing.o
                0x0000000008000cb4                GPIO_ButtonInit
 .text.I2C1_Inits
                0x0000000008000d10       0x34 src/006i2c_master_tx_testing.o
                0x0000000008000d10                I2C1_Inits
 .text.main     0x0000000008000d44       0x4c src/006i2c_master_tx_testing.o
                0x0000000008000d44                main
 .text.Reset_Handler
                0x0000000008000d90       0x50 startup/startup_stm32.o
                0x0000000008000d90                Reset_Handler
 .text.Default_Handler
                0x0000000008000de0        0x2 startup/startup_stm32.o
                0x0000000008000de0                RTC_Alarm_IRQHandler
                0x0000000008000de0                EXTI2_IRQHandler
                0x0000000008000de0                TIM8_CC_IRQHandler
                0x0000000008000de0                SPDIF_Rx_IRQHandler
                0x0000000008000de0                DebugMon_Handler
                0x0000000008000de0                SPI4_IRQHandler
                0x0000000008000de0                TIM1_CC_IRQHandler
                0x0000000008000de0                QuadSPI_IRQHandler
                0x0000000008000de0                DMA2_Stream5_IRQHandler
                0x0000000008000de0                HardFault_Handler
                0x0000000008000de0                DMA1_Stream5_IRQHandler
                0x0000000008000de0                SysTick_Handler
                0x0000000008000de0                PVD_IRQHandler
                0x0000000008000de0                SDIO_IRQHandler
                0x0000000008000de0                TAMP_STAMP_IRQHandler
                0x0000000008000de0                PendSV_Handler
                0x0000000008000de0                NMI_Handler
                0x0000000008000de0                CAN2_RX1_IRQHandler
                0x0000000008000de0                EXTI3_IRQHandler
                0x0000000008000de0                TIM8_TRG_COM_TIM14_IRQHandler
                0x0000000008000de0                TIM1_UP_TIM10_IRQHandler
                0x0000000008000de0                FMPI2C1_error_IRQHandler
                0x0000000008000de0                TIM8_UP_TIM13_IRQHandler
                0x0000000008000de0                I2C3_ER_IRQHandler
                0x0000000008000de0                EXTI0_IRQHandler
                0x0000000008000de0                I2C2_EV_IRQHandler
                0x0000000008000de0                DMA1_Stream2_IRQHandler
                0x0000000008000de0                CAN1_RX0_IRQHandler
                0x0000000008000de0                FPU_IRQHandler
                0x0000000008000de0                OTG_HS_WKUP_IRQHandler
                0x0000000008000de0                UsageFault_Handler
                0x0000000008000de0                CAN2_SCE_IRQHandler
                0x0000000008000de0                DMA2_Stream2_IRQHandler
                0x0000000008000de0                SPI1_IRQHandler
                0x0000000008000de0                TIM6_DAC_IRQHandler
                0x0000000008000de0                TIM1_BRK_TIM9_IRQHandler
                0x0000000008000de0                DCMI_IRQHandler
                0x0000000008000de0                CAN2_RX0_IRQHandler
                0x0000000008000de0                DMA2_Stream3_IRQHandler
                0x0000000008000de0                FMPI2C1_IRQHandler
                0x0000000008000de0                SAI2_IRQHandler
                0x0000000008000de0                USART6_IRQHandler
                0x0000000008000de0                USART3_IRQHandler
                0x0000000008000de0                CAN1_RX1_IRQHandler
                0x0000000008000de0                UART5_IRQHandler
                0x0000000008000de0                DMA2_Stream0_IRQHandler
                0x0000000008000de0                TIM4_IRQHandler
                0x0000000008000de0                I2C1_EV_IRQHandler
                0x0000000008000de0                HDMI_CEC_IRQHandler
                0x0000000008000de0                DMA1_Stream6_IRQHandler
                0x0000000008000de0                DMA1_Stream1_IRQHandler
                0x0000000008000de0                UART4_IRQHandler
                0x0000000008000de0                TIM3_IRQHandler
                0x0000000008000de0                RCC_IRQHandler
                0x0000000008000de0                TIM8_BRK_TIM12_IRQHandler
                0x0000000008000de0                Default_Handler
                0x0000000008000de0                EXTI15_10_IRQHandler
                0x0000000008000de0                ADC_IRQHandler
                0x0000000008000de0                DMA1_Stream7_IRQHandler
                0x0000000008000de0                TIM7_IRQHandler
                0x0000000008000de0                CAN2_TX_IRQHandler
                0x0000000008000de0                TIM5_IRQHandler
                0x0000000008000de0                DMA2_Stream7_IRQHandler
                0x0000000008000de0                I2C3_EV_IRQHandler
                0x0000000008000de0                EXTI9_5_IRQHandler
                0x0000000008000de0                RTC_WKUP_IRQHandler
                0x0000000008000de0                SPI2_IRQHandler
                0x0000000008000de0                OTG_HS_EP1_IN_IRQHandler
                0x0000000008000de0                MemManage_Handler
                0x0000000008000de0                DMA1_Stream0_IRQHandler
                0x0000000008000de0                CAN1_TX_IRQHandler
                0x0000000008000de0                SVC_Handler
                0x0000000008000de0                EXTI4_IRQHandler
                0x0000000008000de0                OTG_HS_EP1_OUT_IRQHandler
                0x0000000008000de0                WWDG_IRQHandler
                0x0000000008000de0                TIM2_IRQHandler
                0x0000000008000de0                OTG_FS_WKUP_IRQHandler
                0x0000000008000de0                TIM1_TRG_COM_TIM11_IRQHandler
                0x0000000008000de0                OTG_HS_IRQHandler
                0x0000000008000de0                EXTI1_IRQHandler
                0x0000000008000de0                USART2_IRQHandler
                0x0000000008000de0                I2C2_ER_IRQHandler
                0x0000000008000de0                DMA2_Stream1_IRQHandler
                0x0000000008000de0                CAN1_SCE_IRQHandler
                0x0000000008000de0                FLASH_IRQHandler
                0x0000000008000de0                DMA2_Stream4_IRQHandler
                0x0000000008000de0                BusFault_Handler
                0x0000000008000de0                USART1_IRQHandler
                0x0000000008000de0                OTG_FS_IRQHandler
                0x0000000008000de0                SPI3_IRQHandler
                0x0000000008000de0                DMA1_Stream4_IRQHandler
                0x0000000008000de0                I2C1_ER_IRQHandler
                0x0000000008000de0                FMC_IRQHandler
                0x0000000008000de0                DMA2_Stream6_IRQHandler
                0x0000000008000de0                SAI1_IRQHandler
                0x0000000008000de0                DMA1_Stream3_IRQHandler
 *fill*         0x0000000008000de2        0x2 
 .text.__libc_init_array
                0x0000000008000de4       0x48 /home/bhavya/Downloads/1/plugins/fr.ac6.mcu.externaltools.arm-none.linux64_1.17.0.201812190825/tools/compiler/bin/../lib/gcc/arm-none-eabi/7.3.1/../../../../arm-none-eabi/lib/thumb/v7e-m/fpv4-sp/hard/libc.a(lib_a-init.o)
                0x0000000008000de4                __libc_init_array
 .text.startup.register_fini
                0x0000000008000e2c       0x14 /home/bhavya/Downloads/1/plugins/fr.ac6.mcu.externaltools.arm-none.linux64_1.17.0.201812190825/tools/compiler/bin/../lib/gcc/arm-none-eabi/7.3.1/../../../../arm-none-eabi/lib/thumb/v7e-m/fpv4-sp/hard/libc.a(lib_a-__call_atexit.o)
 .text.atexit   0x0000000008000e40        0xc /home/bhavya/Downloads/1/plugins/fr.ac6.mcu.externaltools.arm-none.linux64_1.17.0.201812190825/tools/compiler/bin/../lib/gcc/arm-none-eabi/7.3.1/../../../../arm-none-eabi/lib/thumb/v7e-m/fpv4-sp/hard/libc.a(lib_a-atexit.o)
                0x0000000008000e40                atexit
 .text.__libc_fini_array
                0x0000000008000e4c       0x34 /home/bhavya/Downloads/1/plugins/fr.ac6.mcu.externaltools.arm-none.linux64_1.17.0.201812190825/tools/compiler/bin/../lib/gcc/arm-none-eabi/7.3.1/../../../../arm-none-eabi/lib/thumb/v7e-m/fpv4-sp/hard/libc.a(lib_a-fini.o)
                0x0000000008000e4c                __libc_fini_array
 .text.__retarget_lock_acquire_recursive
                0x0000000008000e80        0x4 /home/bhavya/Downloads/1/plugins/fr.ac6.mcu.externaltools.arm-none.linux64_1.17.0.201812190825/tools/compiler/bin/../lib/gcc/arm-none-eabi/7.3.1/../../../../arm-none-eabi/lib/thumb/v7e-m/fpv4-sp/hard/libc.a(lib_a-lock.o)
                0x0000000008000e80                __retarget_lock_acquire_recursive
 .text.__retarget_lock_release_recursive
                0x0000000008000e84        0x4 /home/bhavya/Downloads/1/plugins/fr.ac6.mcu.externaltools.arm-none.linux64_1.17.0.201812190825/tools/compiler/bin/../lib/gcc/arm-none-eabi/7.3.1/../../../../arm-none-eabi/lib/thumb/v7e-m/fpv4-sp/hard/libc.a(lib_a-lock.o)
                0x0000000008000e84                __retarget_lock_release_recursive
 .text.__register_exitproc
                0x0000000008000e88       0xc0 /home/bhavya/Downloads/1/plugins/fr.ac6.mcu.externaltools.arm-none.linux64_1.17.0.201812190825/tools/compiler/bin/../lib/gcc/arm-none-eabi/7.3.1/../../../../arm-none-eabi/lib/thumb/v7e-m/fpv4-sp/hard/libc.a(lib_a-__atexit.o)
                0x0000000008000e88                __register_exitproc
 *(.glue_7)
 .glue_7        0x0000000008000f48        0x0 linker stubs
 *(.glue_7t)
 .glue_7t       0x0000000008000f48        0x0 linker stubs
 *(.eh_frame)
 .eh_frame      0x0000000008000f48        0x0 /home/bhavya/Downloads/1/plugins/fr.ac6.mcu.externaltools.arm-none.linux64_1.17.0.201812190825/tools/compiler/bin/../lib/gcc/arm-none-eabi/7.3.1/thumb/v7e-m/fpv4-sp/hard/crtbegin.o
 *(.init)
 .init          0x0000000008000f48        0x4 /home/bhavya/Downloads/1/plugins/fr.ac6.mcu.externaltools.arm-none.linux64_1.17.0.201812190825/tools/compiler/bin/../lib/gcc/arm-none-eabi/7.3.1/thumb/v7e-m/fpv4-sp/hard/crti.o
                0x0000000008000f48                _init
 .init          0x0000000008000f4c        0x8 /home/bhavya/Downloads/1/plugins/fr.ac6.mcu.externaltools.arm-none.linux64_1.17.0.201812190825/tools/compiler/bin/../lib/gcc/arm-none-eabi/7.3.1/thumb/v7e-m/fpv4-sp/hard/crtn.o
 *(.fini)
 .fini          0x0000000008000f54        0x4 /home/bhavya/Downloads/1/plugins/fr.ac6.mcu.externaltools.arm-none.linux64_1.17.0.201812190825/tools/compiler/bin/../lib/gcc/arm-none-eabi/7.3.1/thumb/v7e-m/fpv4-sp/hard/crti.o
                0x0000000008000f54                _fini
 .fini          0x0000000008000f58        0x8 /home/bhavya/Downloads/1/plugins/fr.ac6.mcu.externaltools.arm-none.linux64_1.17.0.201812190825/tools/compiler/bin/../lib/gcc/arm-none-eabi/7.3.1/thumb/v7e-m/fpv4-sp/hard/crtn.o
                0x0000000008000f60                . = ALIGN (0x4)
                0x0000000008000f60                _etext = .

.vfp11_veneer   0x0000000008000f60        0x0
 .vfp11_veneer  0x0000000008000f60        0x0 linker stubs

.v4_bx          0x0000000008000f60        0x0
 .v4_bx         0x0000000008000f60        0x0 linker stubs

.iplt           0x0000000008000f60        0x0
 .iplt          0x0000000008000f60        0x0 /home/bhavya/Downloads/1/plugins/fr.ac6.mcu.externaltools.arm-none.linux64_1.17.0.201812190825/tools/compiler/bin/../lib/gcc/arm-none-eabi/7.3.1/thumb/v7e-m/fpv4-sp/hard/crtbegin.o

.rodata         0x0000000008000f60        0x4
                0x0000000008000f60                . = ALIGN (0x4)
 *(.rodata)
 *(.rodata*)
 .rodata._global_impure_ptr
                0x0000000008000f60        0x4 /home/bhavya/Downloads/1/plugins/fr.ac6.mcu.externaltools.arm-none.linux64_1.17.0.201812190825/tools/compiler/bin/../lib/gcc/arm-none-eabi/7.3.1/../../../../arm-none-eabi/lib/thumb/v7e-m/fpv4-sp/hard/libc.a(lib_a-impure.o)
                0x0000000008000f60                _global_impure_ptr
                0x0000000008000f64                . = ALIGN (0x4)

.rel.dyn        0x0000000008000f64        0x0
 .rel.iplt      0x0000000008000f64        0x0 /home/bhavya/Downloads/1/plugins/fr.ac6.mcu.externaltools.arm-none.linux64_1.17.0.201812190825/tools/compiler/bin/../lib/gcc/arm-none-eabi/7.3.1/thumb/v7e-m/fpv4-sp/hard/crtbegin.o

.ARM.extab      0x0000000008000f64        0x0
                0x0000000008000f64                . = ALIGN (0x4)
 *(.ARM.extab* .gnu.linkonce.armextab.*)
                0x0000000008000f64                . = ALIGN (0x4)

.ARM            0x0000000008000f64        0x0
                0x0000000008000f64                . = ALIGN (0x4)
                0x0000000008000f64                __exidx_start = .
 *(.ARM.exidx*)
                0x0000000008000f64                __exidx_end = .
                0x0000000008000f64                . = ALIGN (0x4)

.preinit_array  0x0000000008000f64        0x0
                0x0000000008000f64                . = ALIGN (0x4)
                0x0000000008000f64                PROVIDE (__preinit_array_start = .)
 *(.preinit_array*)
                0x0000000008000f64                PROVIDE (__preinit_array_end = .)
                0x0000000008000f64                . = ALIGN (0x4)

.init_array     0x0000000008000f64        0x8
                0x0000000008000f64                . = ALIGN (0x4)
                0x0000000008000f64                PROVIDE (__init_array_start = .)
 *(SORT_BY_NAME(.init_array.*))
 .init_array.00000
                0x0000000008000f64        0x4 /home/bhavya/Downloads/1/plugins/fr.ac6.mcu.externaltools.arm-none.linux64_1.17.0.201812190825/tools/compiler/bin/../lib/gcc/arm-none-eabi/7.3.1/../../../../arm-none-eabi/lib/thumb/v7e-m/fpv4-sp/hard/libc.a(lib_a-__call_atexit.o)
 *(.init_array*)
 .init_array    0x0000000008000f68        0x4 /home/bhavya/Downloads/1/plugins/fr.ac6.mcu.externaltools.arm-none.linux64_1.17.0.201812190825/tools/compiler/bin/../lib/gcc/arm-none-eabi/7.3.1/thumb/v7e-m/fpv4-sp/hard/crtbegin.o
                0x0000000008000f6c                PROVIDE (__init_array_end = .)
                0x0000000008000f6c                . = ALIGN (0x4)

.fini_array     0x0000000008000f6c        0x4
                0x0000000008000f6c                . = ALIGN (0x4)
                0x0000000008000f6c                PROVIDE (__fini_array_start = .)
 *(SORT_BY_NAME(.fini_array.*))
 *(.fini_array*)
 .fini_array    0x0000000008000f6c        0x4 /home/bhavya/Downloads/1/plugins/fr.ac6.mcu.externaltools.arm-none.linux64_1.17.0.201812190825/tools/compiler/bin/../lib/gcc/arm-none-eabi/7.3.1/thumb/v7e-m/fpv4-sp/hard/crtbegin.o
                0x0000000008000f70                PROVIDE (__fini_array_end = .)
                0x0000000008000f70                . = ALIGN (0x4)
                0x0000000008000f70                _sidata = LOADADDR (.data)

.data           0x0000000020000000      0x464 load address 0x0000000008000f70
                0x0000000020000000                . = ALIGN (0x4)
                0x0000000020000000                _sdata = .
 *(.data)
 .data          0x0000000020000000       0x18 drivers/src/stm32f446xx_rcc_driver.o
                0x0000000020000000                AHB_PreScaler
                0x0000000020000010                APB1_PreScaler
 .data          0x0000000020000018       0x1e src/006i2c_master_tx_testing.o
                0x0000000020000018                some_data
 *(.data*)
 *fill*         0x0000000020000036        0x2 
 .data.impure_data
                0x0000000020000038      0x428 /home/bhavya/Downloads/1/plugins/fr.ac6.mcu.externaltools.arm-none.linux64_1.17.0.201812190825/tools/compiler/bin/../lib/gcc/arm-none-eabi/7.3.1/../../../../arm-none-eabi/lib/thumb/v7e-m/fpv4-sp/hard/libc.a(lib_a-impure.o)
 .data.__atexit_recursive_mutex
                0x0000000020000460        0x4 /home/bhavya/Downloads/1/plugins/fr.ac6.mcu.externaltools.arm-none.linux64_1.17.0.201812190825/tools/compiler/bin/../lib/gcc/arm-none-eabi/7.3.1/../../../../arm-none-eabi/lib/thumb/v7e-m/fpv4-sp/hard/libc.a(lib_a-__call_atexit.o)
                0x0000000020000460                __atexit_recursive_mutex
                0x0000000020000464                . = ALIGN (0x4)
                0x0000000020000464                _edata = .

.igot.plt       0x0000000020000464        0x0 load address 0x00000000080013d4
 .igot.plt      0x0000000020000464        0x0 /home/bhavya/Downloads/1/plugins/fr.ac6.mcu.externaltools.arm-none.linux64_1.17.0.201812190825/tools/compiler/bin/../lib/gcc/arm-none-eabi/7.3.1/thumb/v7e-m/fpv4-sp/hard/crtbegin.o
                0x0000000020000464                . = ALIGN (0x4)

.bss            0x0000000020000464       0x5c load address 0x00000000080013d4
                0x0000000020000464                _sbss = .
                0x0000000020000464                __bss_start__ = _sbss
 *(.bss)
 .bss           0x0000000020000464       0x1c /home/bhavya/Downloads/1/plugins/fr.ac6.mcu.externaltools.arm-none.linux64_1.17.0.201812190825/tools/compiler/bin/../lib/gcc/arm-none-eabi/7.3.1/thumb/v7e-m/fpv4-sp/hard/crtbegin.o
 *(.bss*)
 *(COMMON)
 COMMON         0x0000000020000480       0x1c src/006i2c_master_tx_testing.o
                0x0000000020000480                I2C1Handle
 COMMON         0x000000002000049c       0x21 /home/bhavya/Downloads/1/plugins/fr.ac6.mcu.externaltools.arm-none.linux64_1.17.0.201812190825/tools/compiler/bin/../lib/gcc/arm-none-eabi/7.3.1/../../../../arm-none-eabi/lib/thumb/v7e-m/fpv4-sp/hard/libc.a(lib_a-lock.o)
                0x000000002000049c                __lock___atexit_recursive_mutex
                0x00000000200004a0                __lock___arc4random_mutex
                0x00000000200004a4                __lock___env_recursive_mutex
                0x00000000200004a8                __lock___sinit_recursive_mutex
                0x00000000200004ac                __lock___malloc_recursive_mutex
                0x00000000200004b0                __lock___at_quick_exit_mutex
                0x00000000200004b4                __lock___dd_hash_mutex
                0x00000000200004b8                __lock___tz_mutex
                0x00000000200004bc                __lock___sfp_recursive_mutex
                0x00000000200004c0                . = ALIGN (0x4)
 *fill*         0x00000000200004bd        0x3 
                0x00000000200004c0                _ebss = .
                0x00000000200004c0                __bss_end__ = _ebss

._user_heap_stack
                0x00000000200004c0      0x400 load address 0x00000000080013d4
                0x00000000200004c0                . = ALIGN (0x8)
                0x00000000200004c0                PROVIDE (end = .)
                [!provide]                        PROVIDE (_end = .)
                0x00000000200004c0                . = (. + _Min_Heap_Size)
                0x00000000200008c0                . = (. + _Min_Stack_Size)
 *fill*         0x00000000200004c0      0x400 
                0x00000000200008c0                . = ALIGN (0x8)

/DISCARD/
 libc.a(*)
 libm.a(*)
 libgcc.a(*)

.ARM.attributes
                0x0000000000000000       0x30
 *(.ARM.attributes)
 .ARM.attributes
                0x0000000000000000       0x22 /home/bhavya/Downloads/1/plugins/fr.ac6.mcu.externaltools.arm-none.linux64_1.17.0.201812190825/tools/compiler/bin/../lib/gcc/arm-none-eabi/7.3.1/thumb/v7e-m/fpv4-sp/hard/crti.o
 .ARM.attributes
                0x0000000000000022       0x34 /home/bhavya/Downloads/1/plugins/fr.ac6.mcu.externaltools.arm-none.linux64_1.17.0.201812190825/tools/compiler/bin/../lib/gcc/arm-none-eabi/7.3.1/thumb/v7e-m/fpv4-sp/hard/crtbegin.o
 .ARM.attributes
                0x0000000000000056       0x39 drivers/src/stm32f446xx_gpio_driver.o
 .ARM.attributes
                0x000000000000008f       0x39 drivers/src/stm32f446xx_i2c_driver.o
 .ARM.attributes
                0x00000000000000c8       0x39 drivers/src/stm32f446xx_rcc_driver.o
 .ARM.attributes
                0x0000000000000101       0x39 src/006i2c_master_tx_testing.o
 .ARM.attributes
                0x000000000000013a       0x21 startup/startup_stm32.o
 .ARM.attributes
                0x000000000000015b       0x34 /home/bhavya/Downloads/1/plugins/fr.ac6.mcu.externaltools.arm-none.linux64_1.17.0.201812190825/tools/compiler/bin/../lib/gcc/arm-none-eabi/7.3.1/../../../../arm-none-eabi/lib/thumb/v7e-m/fpv4-sp/hard/libc.a(lib_a-impure.o)
 .ARM.attributes
                0x000000000000018f       0x34 /home/bhavya/Downloads/1/plugins/fr.ac6.mcu.externaltools.arm-none.linux64_1.17.0.201812190825/tools/compiler/bin/../lib/gcc/arm-none-eabi/7.3.1/../../../../arm-none-eabi/lib/thumb/v7e-m/fpv4-sp/hard/libc.a(lib_a-init.o)
 .ARM.attributes
                0x00000000000001c3       0x20 /home/bhavya/Downloads/1/plugins/fr.ac6.mcu.externaltools.arm-none.linux64_1.17.0.201812190825/tools/compiler/bin/../lib/gcc/arm-none-eabi/7.3.1/../../../../arm-none-eabi/lib/thumb/v7e-m/fpv4-sp/hard/libc.a(lib_a-strlen.o)
 .ARM.attributes
                0x00000000000001e3       0x34 /home/bhavya/Downloads/1/plugins/fr.ac6.mcu.externaltools.arm-none.linux64_1.17.0.201812190825/tools/compiler/bin/../lib/gcc/arm-none-eabi/7.3.1/../../../../arm-none-eabi/lib/thumb/v7e-m/fpv4-sp/hard/libc.a(lib_a-__call_atexit.o)
 .ARM.attributes
                0x0000000000000217       0x34 /home/bhavya/Downloads/1/plugins/fr.ac6.mcu.externaltools.arm-none.linux64_1.17.0.201812190825/tools/compiler/bin/../lib/gcc/arm-none-eabi/7.3.1/../../../../arm-none-eabi/lib/thumb/v7e-m/fpv4-sp/hard/libc.a(lib_a-atexit.o)
 .ARM.attributes
                0x000000000000024b       0x34 /home/bhavya/Downloads/1/plugins/fr.ac6.mcu.externaltools.arm-none.linux64_1.17.0.201812190825/tools/compiler/bin/../lib/gcc/arm-none-eabi/7.3.1/../../../../arm-none-eabi/lib/thumb/v7e-m/fpv4-sp/hard/libc.a(lib_a-fini.o)
 .ARM.attributes
                0x000000000000027f       0x34 /home/bhavya/Downloads/1/plugins/fr.ac6.mcu.externaltools.arm-none.linux64_1.17.0.201812190825/tools/compiler/bin/../lib/gcc/arm-none-eabi/7.3.1/../../../../arm-none-eabi/lib/thumb/v7e-m/fpv4-sp/hard/libc.a(lib_a-lock.o)
 .ARM.attributes
                0x00000000000002b3       0x34 /home/bhavya/Downloads/1/plugins/fr.ac6.mcu.externaltools.arm-none.linux64_1.17.0.201812190825/tools/compiler/bin/../lib/gcc/arm-none-eabi/7.3.1/../../../../arm-none-eabi/lib/thumb/v7e-m/fpv4-sp/hard/libc.a(lib_a-__atexit.o)
 .ARM.attributes
                0x00000000000002e7       0x22 /home/bhavya/Downloads/1/plugins/fr.ac6.mcu.externaltools.arm-none.linux64_1.17.0.201812190825/tools/compiler/bin/../lib/gcc/arm-none-eabi/7.3.1/thumb/v7e-m/fpv4-sp/hard/crtn.o
OUTPUT(stm32.elf elf32-littlearm)

.debug_info     0x0000000000000000     0x2100
 .debug_info    0x0000000000000000      0x73a drivers/src/stm32f446xx_gpio_driver.o
 .debug_info    0x000000000000073a      0x9cf drivers/src/stm32f446xx_i2c_driver.o
 .debug_info    0x0000000000001109      0x3ac drivers/src/stm32f446xx_rcc_driver.o
 .debug_info    0x00000000000014b5      0xc29 src/006i2c_master_tx_testing.o
 .debug_info    0x00000000000020de       0x22 startup/startup_stm32.o

.debug_abbrev   0x0000000000000000      0x674
 .debug_abbrev  0x0000000000000000      0x14e drivers/src/stm32f446xx_gpio_driver.o
 .debug_abbrev  0x000000000000014e      0x21e drivers/src/stm32f446xx_i2c_driver.o
 .debug_abbrev  0x000000000000036c       0xd4 drivers/src/stm32f446xx_rcc_driver.o
 .debug_abbrev  0x0000000000000440      0x222 src/006i2c_master_tx_testing.o
 .debug_abbrev  0x0000000000000662       0x12 startup/startup_stm32.o

.debug_aranges  0x0000000000000000      0x1e8
 .debug_aranges
                0x0000000000000000       0x70 drivers/src/stm32f446xx_gpio_driver.o
 .debug_aranges
                0x0000000000000070       0xe0 drivers/src/stm32f446xx_i2c_driver.o
 .debug_aranges
                0x0000000000000150       0x30 drivers/src/stm32f446xx_rcc_driver.o
 .debug_aranges
                0x0000000000000180       0x40 src/006i2c_master_tx_testing.o
 .debug_aranges
                0x00000000000001c0       0x28 startup/startup_stm32.o

.debug_ranges   0x0000000000000000      0x1a0
 .debug_ranges  0x0000000000000000       0x60 drivers/src/stm32f446xx_gpio_driver.o
 .debug_ranges  0x0000000000000060       0xd0 drivers/src/stm32f446xx_i2c_driver.o
 .debug_ranges  0x0000000000000130       0x20 drivers/src/stm32f446xx_rcc_driver.o
 .debug_ranges  0x0000000000000150       0x30 src/006i2c_master_tx_testing.o
 .debug_ranges  0x0000000000000180       0x20 startup/startup_stm32.o

.debug_macro    0x0000000000000000     0x2baf
 .debug_macro   0x0000000000000000       0xc2 drivers/src/stm32f446xx_gpio_driver.o
 .debug_macro   0x00000000000000c2      0xa66 drivers/src/stm32f446xx_gpio_driver.o
 .debug_macro   0x0000000000000b28       0x22 drivers/src/stm32f446xx_gpio_driver.o
 .debug_macro   0x0000000000000b4a       0x8e drivers/src/stm32f446xx_gpio_driver.o
 .debug_macro   0x0000000000000bd8       0x51 drivers/src/stm32f446xx_gpio_driver.o
 .debug_macro   0x0000000000000c29       0xef drivers/src/stm32f446xx_gpio_driver.o
 .debug_macro   0x0000000000000d18       0x6a drivers/src/stm32f446xx_gpio_driver.o
 .debug_macro   0x0000000000000d82      0x1df drivers/src/stm32f446xx_gpio_driver.o
 .debug_macro   0x0000000000000f61      0x174 drivers/src/stm32f446xx_gpio_driver.o
 .debug_macro   0x00000000000010d5      0x778 drivers/src/stm32f446xx_gpio_driver.o
 .debug_macro   0x000000000000184d       0xbe drivers/src/stm32f446xx_gpio_driver.o
 .debug_macro   0x000000000000190b       0xd6 drivers/src/stm32f446xx_gpio_driver.o
 .debug_macro   0x00000000000019e1      0x108 drivers/src/stm32f446xx_gpio_driver.o
 .debug_macro   0x0000000000001ae9       0xc4 drivers/src/stm32f446xx_gpio_driver.o
 .debug_macro   0x0000000000001bad       0xc2 drivers/src/stm32f446xx_i2c_driver.o
 .debug_macro   0x0000000000001c6f       0xc4 drivers/src/stm32f446xx_i2c_driver.o
 .debug_macro   0x0000000000001d33       0xd0 drivers/src/stm32f446xx_i2c_driver.o
 .debug_macro   0x0000000000001e03       0xbc drivers/src/stm32f446xx_rcc_driver.o
 .debug_macro   0x0000000000001ebf      0x245 src/006i2c_master_tx_testing.o
 .debug_macro   0x0000000000002104       0x5e src/006i2c_master_tx_testing.o
 .debug_macro   0x0000000000002162       0x18 src/006i2c_master_tx_testing.o
 .debug_macro   0x000000000000217a       0x35 src/006i2c_master_tx_testing.o
 .debug_macro   0x00000000000021af       0x34 src/006i2c_master_tx_testing.o
 .debug_macro   0x00000000000021e3       0x58 src/006i2c_master_tx_testing.o
 .debug_macro   0x000000000000223b       0x1f src/006i2c_master_tx_testing.o
 .debug_macro   0x000000000000225a       0x43 src/006i2c_master_tx_testing.o
 .debug_macro   0x000000000000229d       0x20 src/006i2c_master_tx_testing.o
 .debug_macro   0x00000000000022bd      0x18e src/006i2c_master_tx_testing.o
 .debug_macro   0x000000000000244b      0x330 src/006i2c_master_tx_testing.o
 .debug_macro   0x000000000000277b       0x10 src/006i2c_master_tx_testing.o
 .debug_macro   0x000000000000278b       0x35 src/006i2c_master_tx_testing.o
 .debug_macro   0x00000000000027c0       0x1c src/006i2c_master_tx_testing.o
 .debug_macro   0x00000000000027dc       0x10 src/006i2c_master_tx_testing.o
 .debug_macro   0x00000000000027ec       0x10 src/006i2c_master_tx_testing.o
 .debug_macro   0x00000000000027fc       0x1c src/006i2c_master_tx_testing.o
 .debug_macro   0x0000000000002818       0x52 src/006i2c_master_tx_testing.o
 .debug_macro   0x000000000000286a       0x40 src/006i2c_master_tx_testing.o
 .debug_macro   0x00000000000028aa       0x10 src/006i2c_master_tx_testing.o
 .debug_macro   0x00000000000028ba       0x40 src/006i2c_master_tx_testing.o
 .debug_macro   0x00000000000028fa       0xd7 src/006i2c_master_tx_testing.o
 .debug_macro   0x00000000000029d1       0x1c src/006i2c_master_tx_testing.o
 .debug_macro   0x00000000000029ed       0x3d src/006i2c_master_tx_testing.o
 .debug_macro   0x0000000000002a2a       0x16 src/006i2c_master_tx_testing.o
 .debug_macro   0x0000000000002a40      0x16f src/006i2c_master_tx_testing.o

.debug_line     0x0000000000000000     0x1752
 .debug_line    0x0000000000000000      0x5fa drivers/src/stm32f446xx_gpio_driver.o
 .debug_line    0x00000000000005fa      0x756 drivers/src/stm32f446xx_i2c_driver.o
 .debug_line    0x0000000000000d50      0x404 drivers/src/stm32f446xx_rcc_driver.o
 .debug_line    0x0000000000001154      0x582 src/006i2c_master_tx_testing.o
 .debug_line    0x00000000000016d6       0x7c startup/startup_stm32.o

.debug_str      0x0000000000000000     0xb300
 .debug_str     0x0000000000000000     0x7081 drivers/src/stm32f446xx_gpio_driver.o
                                       0x72a4 (size before relaxing)
 .debug_str     0x0000000000007081      0x360 drivers/src/stm32f446xx_i2c_driver.o
                                       0x73cb (size before relaxing)
 .debug_str     0x00000000000073e1       0xa7 drivers/src/stm32f446xx_rcc_driver.o
                                       0x70ca (size before relaxing)
 .debug_str     0x0000000000007488     0x3e4f src/006i2c_master_tx_testing.o
                                       0xaf10 (size before relaxing)
 .debug_str     0x000000000000b2d7       0x29 startup/startup_stm32.o
                                         0x4c (size before relaxing)

.comment        0x0000000000000000       0x7f
 .comment       0x0000000000000000       0x7f drivers/src/stm32f446xx_gpio_driver.o
                                         0x80 (size before relaxing)
 .comment       0x000000000000007f       0x80 drivers/src/stm32f446xx_i2c_driver.o
 .comment       0x000000000000007f       0x80 drivers/src/stm32f446xx_rcc_driver.o
 .comment       0x000000000000007f       0x80 src/006i2c_master_tx_testing.o

.debug_frame    0x0000000000000000      0x888
 .debug_frame   0x0000000000000000      0x1c8 drivers/src/stm32f446xx_gpio_driver.o
 .debug_frame   0x00000000000001c8      0x3d0 drivers/src/stm32f446xx_i2c_driver.o
 .debug_frame   0x0000000000000598       0x78 drivers/src/stm32f446xx_rcc_driver.o
 .debug_frame   0x0000000000000610       0xb8 src/006i2c_master_tx_testing.o
 .debug_frame   0x00000000000006c8       0x2c /home/bhavya/Downloads/1/plugins/fr.ac6.mcu.externaltools.arm-none.linux64_1.17.0.201812190825/tools/compiler/bin/../lib/gcc/arm-none-eabi/7.3.1/../../../../arm-none-eabi/lib/thumb/v7e-m/fpv4-sp/hard/libc.a(lib_a-init.o)
 .debug_frame   0x00000000000006f4       0x5c /home/bhavya/Downloads/1/plugins/fr.ac6.mcu.externaltools.arm-none.linux64_1.17.0.201812190825/tools/compiler/bin/../lib/gcc/arm-none-eabi/7.3.1/../../../../arm-none-eabi/lib/thumb/v7e-m/fpv4-sp/hard/libc.a(lib_a-__call_atexit.o)
 .debug_frame   0x0000000000000750       0x20 /home/bhavya/Downloads/1/plugins/fr.ac6.mcu.externaltools.arm-none.linux64_1.17.0.201812190825/tools/compiler/bin/../lib/gcc/arm-none-eabi/7.3.1/../../../../arm-none-eabi/lib/thumb/v7e-m/fpv4-sp/hard/libc.a(lib_a-atexit.o)
 .debug_frame   0x0000000000000770       0x34 /home/bhavya/Downloads/1/plugins/fr.ac6.mcu.externaltools.arm-none.linux64_1.17.0.201812190825/tools/compiler/bin/../lib/gcc/arm-none-eabi/7.3.1/../../../../arm-none-eabi/lib/thumb/v7e-m/fpv4-sp/hard/libc.a(lib_a-fini.o)
 .debug_frame   0x00000000000007a4       0xb0 /home/bhavya/Downloads/1/plugins/fr.ac6.mcu.externaltools.arm-none.linux64_1.17.0.201812190825/tools/compiler/bin/../lib/gcc/arm-none-eabi/7.3.1/../../../../arm-none-eabi/lib/thumb/v7e-m/fpv4-sp/hard/libc.a(lib_a-lock.o)
 .debug_frame   0x0000000000000854       0x34 /home/bhavya/Downloads/1/plugins/fr.ac6.mcu.externaltools.arm-none.linux64_1.17.0.201812190825/tools/compiler/bin/../lib/gcc/arm-none-eabi/7.3.1/../../../../arm-none-eabi/lib/thumb/v7e-m/fpv4-sp/hard/libc.a(lib_a-__atexit.o)
